../Drivers/CMSIS/Include/core_cm0plus.h:985:34:__NVIC_SystemReset	8	static,ignoring_inline_asm
../Core/Src/main.c:194:13:UART_StartRx	8	static
../Core/Src/main.c:209:13:UART_RxWatchdog	16	static
../Core/Src/main.c:223:21:clampf	24	static
../Core/Src/main.c:229:6:Motors_Init	8	static
../Core/Src/main.c:250:13:IMU_Init	80	static
../Core/Src/main.c:270:12:Read_IMU	112	static
../Core/Src/main.c:310:9:encoder_delta_counts	32	static
../Core/Src/main.c:327:7:counts_to_wheel_mps	32	static
../Core/Src/main.c:342:6:Motor_SetSpeed_L	32	static
../Core/Src/main.c:349:6:Motor_SetSpeed_R	32	static
../Core/Src/main.c:361:6:Robot_Set_Velocity	16	static
../Core/Src/main.c:368:6:Control_Update	96	static
../Core/Src/main.c:447:6:HAL_UART_RxCpltCallback	24	static
../Core/Src/main.c:488:13:TX_Odom	32	static
../Core/Src/main.c:505:13:TX_Imu	56	static
../Core/Src/main.c:522:6:Control_Packet	16	static
../Core/Src/main.c:532:6:HAL_UART_ErrorCallback	16	static
../Core/Src/main.c:546:5:main	64	static
../Core/Src/main.c:636:6:SystemClock_Config	96	static
../Core/Src/main.c:683:13:MX_I2C3_Init	8	static
../Core/Src/main.c:731:13:MX_TIM1_Init	120	static
../Core/Src/main.c:812:13:MX_TIM2_Init	64	static
../Core/Src/main.c:871:13:MX_TIM3_Init	64	static
../Core/Src/main.c:920:13:MX_TIM4_Init	64	static
../Core/Src/main.c:969:13:MX_USART2_UART_Init	8	static
../Core/Src/main.c:1017:13:MX_GPIO_Init	56	static
../Core/Src/main.c:1059:6:Error_Handler	8	static,ignoring_inline_asm
