13:25:42 **** Incremental Build of configuration Debug for project SAGE_MCU ****
make -j12 all 
arm-none-eabi-gcc "../Core/Src/main.c" -mcpu=cortex-m0plus -std=gnu11 -g3 -DDEBUG -DUSE_HAL_DRIVER -DSTM32G0B1xx -c -I../Core/Inc -I../Drivers/STM32G0xx_HAL_Driver/Inc -I../Drivers/STM32G0xx_HAL_Driver/Inc/Legacy -I../Drivers/CMSIS/Device/ST/STM32G0xx/Include -I../Drivers/CMSIS/Include -O0 -ffunction-sections -fdata-sections -Wall -fstack-usage -fcyclomatic-complexity -MMD -MP -MF"Core/Src/main.d" -MT"Core/Src/main.o" --specs=nano.specs -mfloat-abi=soft -mthumb -o "Core/Src/main.o"
arm-none-eabi-gcc -o "SAGE_MCU.elf" @"objects.list"   -mcpu=cortex-m0plus -T"C:\Users\Aidan\Documents\GitHub\SAGE_ROBOT\SAGE_MCU\STM32G0B1RETX_FLASH.ld" --specs=nosys.specs -Wl,-Map="SAGE_MCU.map" -Wl,--gc-sections -static --specs=nano.specs -mfloat-abi=soft -mthumb -u _printf_float -Wl,--start-group -lc -lm -Wl,--end-group
Finished building target: SAGE_MCU.elf
 
arm-none-eabi-size  SAGE_MCU.elf 
arm-none-eabi-objdump -h -S SAGE_MCU.elf  > "SAGE_MCU.list"
   text	   data	    bss	    dec	    hex	filename
  82180	    484	   9188	  91852	  166cc	SAGE_MCU.elf
Finished building: default.size.stdout
 
Finished building: SAGE_MCU.list
 
13:29:38 **** Incremental Build of configuration Debug for project SAGE_MCU ****
make -j12 all 
arm-none-eabi-gcc "../Core/Src/main.c" -mcpu=cortex-m0plus -std=gnu11 -g3 -DDEBUG -DUSE_HAL_DRIVER -DSTM32G0B1xx -c -I../Core/Inc -I../Drivers/STM32G0xx_HAL_Driver/Inc -I../Drivers/STM32G0xx_HAL_Driver/Inc/Legacy -I../Drivers/CMSIS/Device/ST/STM32G0xx/Include -I../Drivers/CMSIS/Include -O0 -ffunction-sections -fdata-sections -Wall -fstack-usage -fcyclomatic-complexity -MMD -MP -MF"Core/Src/main.d" -MT"Core/Src/main.o" --specs=nano.specs -mfloat-abi=soft -mthumb -o "Core/Src/main.o"
arm-none-eabi-gcc -o "SAGE_MCU.elf" @"objects.list"   -mcpu=cortex-m0plus -T"C:\Users\Aidan\Documents\GitHub\SAGE_ROBOT\SAGE_MCU\STM32G0B1RETX_FLASH.ld" --specs=nosys.specs -Wl,-Map="SAGE_MCU.map" -Wl,--gc-sections -static --specs=nano.specs -mfloat-abi=soft -mthumb -u _printf_float -Wl,--start-group -lc -lm -Wl,--end-group
Finished building target: SAGE_MCU.elf
 
arm-none-eabi-size  SAGE_MCU.elf 
arm-none-eabi-objdump -h -S SAGE_MCU.elf  > "SAGE_MCU.list"
   text	   data	    bss	    dec	    hex	filename
  82732	    484	   9196	  92412	  168fc	SAGE_MCU.elf
Finished building: default.size.stdout
 
Finished building: SAGE_MCU.list
 
13:31:05 **** Incremental Build of configuration Debug for project SAGE_MCU ****
make -j12 all 
arm-none-eabi-gcc "../Core/Src/main.c" -mcpu=cortex-m0plus -std=gnu11 -g3 -DDEBUG -DUSE_HAL_DRIVER -DSTM32G0B1xx -c -I../Core/Inc -I../Drivers/STM32G0xx_HAL_Driver/Inc -I../Drivers/STM32G0xx_HAL_Driver/Inc/Legacy -I../Drivers/CMSIS/Device/ST/STM32G0xx/Include -I../Drivers/CMSIS/Include -O0 -ffunction-sections -fdata-sections -Wall -fstack-usage -fcyclomatic-complexity -MMD -MP -MF"Core/Src/main.d" -MT"Core/Src/main.o" --specs=nano.specs -mfloat-abi=soft -mthumb -o "Core/Src/main.o"
arm-none-eabi-gcc -o "SAGE_MCU.elf" @"objects.list"   -mcpu=cortex-m0plus -T"C:\Users\Aidan\Documents\GitHub\SAGE_ROBOT\SAGE_MCU\STM32G0B1RETX_FLASH.ld" --specs=nosys.specs -Wl,-Map="SAGE_MCU.map" -Wl,--gc-sections -static --specs=nano.specs -mfloat-abi=soft -mthumb -u _printf_float -Wl,--start-group -lc -lm -Wl,--end-group
Finished building target: SAGE_MCU.elf
 
arm-none-eabi-size  SAGE_MCU.elf 
arm-none-eabi-objdump -h -S SAGE_MCU.elf  > "SAGE_MCU.list"
   text	   data	    bss	    dec	    hex	filename
  82732	    484	   9196	  92412	  168fc	SAGE_MCU.elf
Finished building: default.size.stdout
 
Finished building: SAGE_MCU.list
 
13:31:52 **** Incremental Build of configuration Debug for project SAGE_MCU ****
make -j12 all 
arm-none-eabi-gcc "../Core/Src/main.c" -mcpu=cortex-m0plus -std=gnu11 -g3 -DDEBUG -DUSE_HAL_DRIVER -DSTM32G0B1xx -c -I../Core/Inc -I../Drivers/STM32G0xx_HAL_Driver/Inc -I../Drivers/STM32G0xx_HAL_Driver/Inc/Legacy -I../Drivers/CMSIS/Device/ST/STM32G0xx/Include -I../Drivers/CMSIS/Include -O0 -ffunction-sections -fdata-sections -Wall -fstack-usage -fcyclomatic-complexity -MMD -MP -MF"Core/Src/main.d" -MT"Core/Src/main.o" --specs=nano.specs -mfloat-abi=soft -mthumb -o "Core/Src/main.o"
arm-none-eabi-gcc -o "SAGE_MCU.elf" @"objects.list"   -mcpu=cortex-m0plus -T"C:\Users\Aidan\Documents\GitHub\SAGE_ROBOT\SAGE_MCU\STM32G0B1RETX_FLASH.ld" --specs=nosys.specs -Wl,-Map="SAGE_MCU.map" -Wl,--gc-sections -static --specs=nano.specs -mfloat-abi=soft -mthumb -u _printf_float -Wl,--start-group -lc -lm -Wl,--end-group
Finished building target: SAGE_MCU.elf
 
arm-none-eabi-size  SAGE_MCU.elf 
arm-none-eabi-objdump -h -S SAGE_MCU.elf  > "SAGE_MCU.list"
   text	   data	    bss	    dec	    hex	filename
  82732	    484	   9196	  92412	  168fc	SAGE_MCU.elf
Finished building: default.size.stdout
 
Finished building: SAGE_MCU.list
 
13:35:03 **** Incremental Build of configuration Debug for project SAGE_MCU ****
make -j12 all 
arm-none-eabi-gcc "../Core/Src/main.c" -mcpu=cortex-m0plus -std=gnu11 -g3 -DDEBUG -DUSE_HAL_DRIVER -DSTM32G0B1xx -c -I../Core/Inc -I../Drivers/STM32G0xx_HAL_Driver/Inc -I../Drivers/STM32G0xx_HAL_Driver/Inc/Legacy -I../Drivers/CMSIS/Device/ST/STM32G0xx/Include -I../Drivers/CMSIS/Include -O0 -ffunction-sections -fdata-sections -Wall -fstack-usage -fcyclomatic-complexity -MMD -MP -MF"Core/Src/main.d" -MT"Core/Src/main.o" --specs=nano.specs -mfloat-abi=soft -mthumb -o "Core/Src/main.o"
arm-none-eabi-gcc -o "SAGE_MCU.elf" @"objects.list"   -mcpu=cortex-m0plus -T"C:\Users\Aidan\Documents\GitHub\SAGE_ROBOT\SAGE_MCU\STM32G0B1RETX_FLASH.ld" --specs=nosys.specs -Wl,-Map="SAGE_MCU.map" -Wl,--gc-sections -static --specs=nano.specs -mfloat-abi=soft -mthumb -u _printf_float -Wl,--start-group -lc -lm -Wl,--end-group
Finished building target: SAGE_MCU.elf
 
arm-none-eabi-size  SAGE_MCU.elf 
arm-none-eabi-objdump -h -S SAGE_MCU.elf  > "SAGE_MCU.list"
   text	   data	    bss	    dec	    hex	filename
  82688	    488	   9192	  92368	  168d0	SAGE_MCU.elf
Finished building: default.size.stdout
 
Finished building: SAGE_MCU.list
 
13:36:51 **** Incremental Build of configuration Debug for project SAGE_MCU ****
make -j12 all 
arm-none-eabi-gcc "../Core/Src/main.c" -mcpu=cortex-m0plus -std=gnu11 -g3 -DDEBUG -DUSE_HAL_DRIVER -DSTM32G0B1xx -c -I../Core/Inc -I../Drivers/STM32G0xx_HAL_Driver/Inc -I../Drivers/STM32G0xx_HAL_Driver/Inc/Legacy -I../Drivers/CMSIS/Device/ST/STM32G0xx/Include -I../Drivers/CMSIS/Include -O0 -ffunction-sections -fdata-sections -Wall -fstack-usage -fcyclomatic-complexity -MMD -MP -MF"Core/Src/main.d" -MT"Core/Src/main.o" --specs=nano.specs -mfloat-abi=soft -mthumb -o "Core/Src/main.o"
arm-none-eabi-gcc -o "SAGE_MCU.elf" @"objects.list"   -mcpu=cortex-m0plus -T"C:\Users\Aidan\Documents\GitHub\SAGE_ROBOT\SAGE_MCU\STM32G0B1RETX_FLASH.ld" --specs=nosys.specs -Wl,-Map="SAGE_MCU.map" -Wl,--gc-sections -static --specs=nano.specs -mfloat-abi=soft -mthumb -u _printf_float -Wl,--start-group -lc -lm -Wl,--end-group
Finished building target: SAGE_MCU.elf
 
arm-none-eabi-size  SAGE_MCU.elf 
arm-none-eabi-objdump -h -S SAGE_MCU.elf  > "SAGE_MCU.list"
   text	   data	    bss	    dec	    hex	filename
  82688	    488	   9192	  92368	  168d0	SAGE_MCU.elf
Finished building: default.size.stdout
 
Finished building: SAGE_MCU.list
 
13:38:05 **** Incremental Build of configuration Debug for project SAGE_MCU ****
make -j12 all 
arm-none-eabi-gcc "../Core/Src/main.c" -mcpu=cortex-m0plus -std=gnu11 -g3 -DDEBUG -DUSE_HAL_DRIVER -DSTM32G0B1xx -c -I../Core/Inc -I../Drivers/STM32G0xx_HAL_Driver/Inc -I../Drivers/STM32G0xx_HAL_Driver/Inc/Legacy -I../Drivers/CMSIS/Device/ST/STM32G0xx/Include -I../Drivers/CMSIS/Include -O0 -ffunction-sections -fdata-sections -Wall -fstack-usage -fcyclomatic-complexity -MMD -MP -MF"Core/Src/main.d" -MT"Core/Src/main.o" --specs=nano.specs -mfloat-abi=soft -mthumb -o "Core/Src/main.o"
arm-none-eabi-gcc -o "SAGE_MCU.elf" @"objects.list"   -mcpu=cortex-m0plus -T"C:\Users\Aidan\Documents\GitHub\SAGE_ROBOT\SAGE_MCU\STM32G0B1RETX_FLASH.ld" --specs=nosys.specs -Wl,-Map="SAGE_MCU.map" -Wl,--gc-sections -static --specs=nano.specs -mfloat-abi=soft -mthumb -u _printf_float -Wl,--start-group -lc -lm -Wl,--end-group
Finished building target: SAGE_MCU.elf
 
arm-none-eabi-size  SAGE_MCU.elf 
arm-none-eabi-objdump -h -S SAGE_MCU.elf  > "SAGE_MCU.list"
   text	   data	    bss	    dec	    hex	filename
  82632	    484	   9196	  92312	  16898	SAGE_MCU.elf
Finished building: default.size.stdout
 
Finished building: SAGE_MCU.list
 
13:43:02 **** Incremental Build of configuration Debug for project SAGE_MCU ****
make -j12 all 
arm-none-eabi-gcc "../Core/Src/main.c" -mcpu=cortex-m0plus -std=gnu11 -g3 -DDEBUG -DUSE_HAL_DRIVER -DSTM32G0B1xx -c -I../Core/Inc -I../Drivers/STM32G0xx_HAL_Driver/Inc -I../Drivers/STM32G0xx_HAL_Driver/Inc/Legacy -I../Drivers/CMSIS/Device/ST/STM32G0xx/Include -I../Drivers/CMSIS/Include -O0 -ffunction-sections -fdata-sections -Wall -fstack-usage -fcyclomatic-complexity -MMD -MP -MF"Core/Src/main.d" -MT"Core/Src/main.o" --specs=nano.specs -mfloat-abi=soft -mthumb -o "Core/Src/main.o"
arm-none-eabi-gcc -o "SAGE_MCU.elf" @"objects.list"   -mcpu=cortex-m0plus -T"C:\Users\Aidan\Documents\GitHub\SAGE_ROBOT\SAGE_MCU\STM32G0B1RETX_FLASH.ld" --specs=nosys.specs -Wl,-Map="SAGE_MCU.map" -Wl,--gc-sections -static --specs=nano.specs -mfloat-abi=soft -mthumb -u _printf_float -Wl,--start-group -lc -lm -Wl,--end-group
Finished building target: SAGE_MCU.elf
 
arm-none-eabi-size  SAGE_MCU.elf 
arm-none-eabi-objdump -h -S SAGE_MCU.elf  > "SAGE_MCU.list"
   text	   data	    bss	    dec	    hex	filename
  83140	    488	   9200	  92828	  16a9c	SAGE_MCU.elf
Finished building: default.size.stdout
 
Finished building: SAGE_MCU.list
 
12:13:58 **** Build of configuration Debug for project SAGE_MCU ****
make -j12 all 
arm-none-eabi-gcc "../Core/Src/main.c" -mcpu=cortex-m0plus -std=gnu11 -g3 -DDEBUG -DUSE_HAL_DRIVER -DSTM32G0B1xx -c -I../Core/Inc -I../Drivers/STM32G0xx_HAL_Driver/Inc -I../Drivers/STM32G0xx_HAL_Driver/Inc/Legacy -I../Drivers/CMSIS/Device/ST/STM32G0xx/Include -I../Drivers/CMSIS/Include -O0 -ffunction-sections -fdata-sections -Wall -fstack-usage -fcyclomatic-complexity -MMD -MP -MF"Core/Src/main.d" -MT"Core/Src/main.o" --specs=nano.specs -mfloat-abi=soft -mthumb -o "Core/Src/main.o"
arm-none-eabi-gcc -o "SAGE_MCU.elf" @"objects.list"   -mcpu=cortex-m0plus -T"C:\Users\Aidan\Documents\GitHub\SAGE_ROBOT\SAGE_MCU\STM32G0B1RETX_FLASH.ld" --specs=nosys.specs -Wl,-Map="SAGE_MCU.map" -Wl,--gc-sections -static --specs=nano.specs -mfloat-abi=soft -mthumb -u _printf_float -Wl,--start-group -lc -lm -Wl,--end-group
Finished building target: SAGE_MCU.elf
 
arm-none-eabi-size  SAGE_MCU.elf 
arm-none-eabi-objdump -h -S SAGE_MCU.elf  > "SAGE_MCU.list"
   text	   data	    bss	    dec	    hex	filename
  83168	    488	   9200	  92856	  16ab8	SAGE_MCU.elf
Finished building: default.size.stdout
 
Finished building: SAGE_MCU.list
 
20:37:18 **** Incremental Build of configuration Debug for project SAGE_MCU ****
make -j12 all 
arm-none-eabi-gcc "../Core/Src/main.c" -mcpu=cortex-m0plus -std=gnu11 -g3 -DDEBUG -DUSE_HAL_DRIVER -DSTM32G0B1xx -c -I../Core/Inc -I../Drivers/STM32G0xx_HAL_Driver/Inc -I../Drivers/STM32G0xx_HAL_Driver/Inc/Legacy -I../Drivers/CMSIS/Device/ST/STM32G0xx/Include -I../Drivers/CMSIS/Include -O0 -ffunction-sections -fdata-sections -Wall -fstack-usage -fcyclomatic-complexity -MMD -MP -MF"Core/Src/main.d" -MT"Core/Src/main.o" --specs=nano.specs -mfloat-abi=soft -mthumb -o "Core/Src/main.o"
arm-none-eabi-gcc -o "SAGE_MCU.elf" @"objects.list"   -mcpu=cortex-m0plus -T"C:\Users\Aidan\Documents\GitHub\SAGE_ROBOT\SAGE_MCU\STM32G0B1RETX_FLASH.ld" --specs=nosys.specs -Wl,-Map="SAGE_MCU.map" -Wl,--gc-sections -static --specs=nano.specs -mfloat-abi=soft -mthumb -u _printf_float -Wl,--start-group -lc -lm -Wl,--end-group
Finished building target: SAGE_MCU.elf
 
arm-none-eabi-size  SAGE_MCU.elf 
arm-none-eabi-objdump -h -S SAGE_MCU.elf  > "SAGE_MCU.list"
   text	   data	    bss	    dec	    hex	filename
  83168	    488	   9200	  92856	  16ab8	SAGE_MCU.elf
Finished building: default.size.stdout
 
Finished building: SAGE_MCU.list
 
20:40:21 **** Incremental Build of configuration Debug for project SAGE_MCU ****
make -j12 all 
arm-none-eabi-gcc "../Core/Src/main.c" -mcpu=cortex-m0plus -std=gnu11 -g3 -DDEBUG -DUSE_HAL_DRIVER -DSTM32G0B1xx -c -I../Core/Inc -I../Drivers/STM32G0xx_HAL_Driver/Inc -I../Drivers/STM32G0xx_HAL_Driver/Inc/Legacy -I../Drivers/CMSIS/Device/ST/STM32G0xx/Include -I../Drivers/CMSIS/Include -O0 -ffunction-sections -fdata-sections -Wall -fstack-usage -fcyclomatic-complexity -MMD -MP -MF"Core/Src/main.d" -MT"Core/Src/main.o" --specs=nano.specs -mfloat-abi=soft -mthumb -o "Core/Src/main.o"
arm-none-eabi-gcc -o "SAGE_MCU.elf" @"objects.list"   -mcpu=cortex-m0plus -T"C:\Users\Aidan\Documents\GitHub\SAGE_ROBOT\SAGE_MCU\STM32G0B1RETX_FLASH.ld" --specs=nosys.specs -Wl,-Map="SAGE_MCU.map" -Wl,--gc-sections -static --specs=nano.specs -mfloat-abi=soft -mthumb -u _printf_float -Wl,--start-group -lc -lm -Wl,--end-group
Finished building target: SAGE_MCU.elf
 
arm-none-eabi-size  SAGE_MCU.elf 
arm-none-eabi-objdump -h -S SAGE_MCU.elf  > "SAGE_MCU.list"
   text	   data	    bss	    dec	    hex	filename
  83168	    488	   9200	  92856	  16ab8	SAGE_MCU.elf
Finished building: default.size.stdout
 
Finished building: SAGE_MCU.list
 
