10:35:46 **** Incremental Build of configuration Debug for project SAGE_MCU ****
make -j12 all 
arm-none-eabi-gcc "../Core/Src/main.c" -mcpu=cortex-m0plus -std=gnu11 -g3 -DDEBUG -DUSE_HAL_DRIVER -DSTM32G0B1xx -c -I../Core/Inc -I../Drivers/STM32G0xx_HAL_Driver/Inc -I../Drivers/STM32G0xx_HAL_Driver/Inc/Legacy -I../Drivers/CMSIS/Device/ST/STM32G0xx/Include -I../Drivers/CMSIS/Include -O0 -ffunction-sections -fdata-sections -Wall -fstack-usage -fcyclomatic-complexity -MMD -MP -MF"Core/Src/main.d" -MT"Core/Src/main.o" --specs=nano.specs -mfloat-abi=soft -mthumb -o "Core/Src/main.o"
../Core/Src/main.c: In function 'Control_Update':
../Core/Src/main.c:350:15: warning: unused variable 'uR' [-Wunused-variable]
  350 |         float uR = KP * eR + i_term_R;
      |               ^~
../Core/Src/main.c:349:15: warning: unused variable 'uL' [-Wunused-variable]
  349 |         float uL = KP * eL + i_term_L;
      |               ^~
arm-none-eabi-gcc -o "SAGE_MCU.elf" @"objects.list"   -mcpu=cortex-m0plus -T"C:\Users\Aidan\Documents\GitHub\SAGE_ROBOT\SAGE_MCU\STM32G0B1RETX_FLASH.ld" --specs=nosys.specs -Wl,-Map="SAGE_MCU.map" -Wl,--gc-sections -static --specs=nano.specs -mfloat-abi=soft -mthumb -u _printf_float -Wl,--start-group -lc -lm -Wl,--end-group
Finished building target: SAGE_MCU.elf
 
arm-none-eabi-size  SAGE_MCU.elf 
arm-none-eabi-objdump -h -S SAGE_MCU.elf  > "SAGE_MCU.list"
   text	   data	    bss	    dec	    hex	filename
  61792	    468	   2500	  64760	   fcf8	SAGE_MCU.elf
Finished building: default.size.stdout
 
Finished building: SAGE_MCU.list
 
10:36:51 **** Incremental Build of configuration Debug for project SAGE_MCU ****
make -j12 all 
arm-none-eabi-gcc "../Core/Src/main.c" -mcpu=cortex-m0plus -std=gnu11 -g3 -DDEBUG -DUSE_HAL_DRIVER -DSTM32G0B1xx -c -I../Core/Inc -I../Drivers/STM32G0xx_HAL_Driver/Inc -I../Drivers/STM32G0xx_HAL_Driver/Inc/Legacy -I../Drivers/CMSIS/Device/ST/STM32G0xx/Include -I../Drivers/CMSIS/Include -O0 -ffunction-sections -fdata-sections -Wall -fstack-usage -fcyclomatic-complexity -MMD -MP -MF"Core/Src/main.d" -MT"Core/Src/main.o" --specs=nano.specs -mfloat-abi=soft -mthumb -o "Core/Src/main.o"
../Core/Src/main.c: In function 'Control_Update':
../Core/Src/main.c:350:15: warning: unused variable 'uR' [-Wunused-variable]
  350 |         float uR = KP * eR + i_term_R;
      |               ^~
../Core/Src/main.c:349:15: warning: unused variable 'uL' [-Wunused-variable]
  349 |         float uL = KP * eL + i_term_L;
      |               ^~
arm-none-eabi-gcc -o "SAGE_MCU.elf" @"objects.list"   -mcpu=cortex-m0plus -T"C:\Users\Aidan\Documents\GitHub\SAGE_ROBOT\SAGE_MCU\STM32G0B1RETX_FLASH.ld" --specs=nosys.specs -Wl,-Map="SAGE_MCU.map" -Wl,--gc-sections -static --specs=nano.specs -mfloat-abi=soft -mthumb -u _printf_float -Wl,--start-group -lc -lm -Wl,--end-group
Finished building target: SAGE_MCU.elf
 
arm-none-eabi-size  SAGE_MCU.elf 
arm-none-eabi-objdump -h -S SAGE_MCU.elf  > "SAGE_MCU.list"
   text	   data	    bss	    dec	    hex	filename
  61788	    468	   2500	  64756	   fcf4	SAGE_MCU.elf
Finished building: default.size.stdout
 
Finished building: SAGE_MCU.list
 
10:38:31 **** Incremental Build of configuration Debug for project SAGE_MCU ****
make -j12 all 
arm-none-eabi-size  SAGE_MCU.elf 
   text	   data	    bss	    dec	    hex	filename
  61788	    468	   2500	  64756	   fcf4	SAGE_MCU.elf
Finished building: default.size.stdout
 
10:39:53 **** Incremental Build of configuration Debug for project SAGE_MCU ****
make -j12 all 
arm-none-eabi-gcc "../Core/Src/main.c" -mcpu=cortex-m0plus -std=gnu11 -g3 -DDEBUG -DUSE_HAL_DRIVER -DSTM32G0B1xx -c -I../Core/Inc -I../Drivers/STM32G0xx_HAL_Driver/Inc -I../Drivers/STM32G0xx_HAL_Driver/Inc/Legacy -I../Drivers/CMSIS/Device/ST/STM32G0xx/Include -I../Drivers/CMSIS/Include -O0 -ffunction-sections -fdata-sections -Wall -fstack-usage -fcyclomatic-complexity -MMD -MP -MF"Core/Src/main.d" -MT"Core/Src/main.o" --specs=nano.specs -mfloat-abi=soft -mthumb -o "Core/Src/main.o"
../Core/Src/main.c: In function 'Control_Update':
../Core/Src/main.c:350:15: warning: unused variable 'uR' [-Wunused-variable]
  350 |         float uR = KP * eR + i_term_R;
      |               ^~
../Core/Src/main.c:349:15: warning: unused variable 'uL' [-Wunused-variable]
  349 |         float uL = KP * eL + i_term_L;
      |               ^~
arm-none-eabi-gcc -o "SAGE_MCU.elf" @"objects.list"   -mcpu=cortex-m0plus -T"C:\Users\Aidan\Documents\GitHub\SAGE_ROBOT\SAGE_MCU\STM32G0B1RETX_FLASH.ld" --specs=nosys.specs -Wl,-Map="SAGE_MCU.map" -Wl,--gc-sections -static --specs=nano.specs -mfloat-abi=soft -mthumb -u _printf_float -Wl,--start-group -lc -lm -Wl,--end-group
Finished building target: SAGE_MCU.elf
 
arm-none-eabi-size  SAGE_MCU.elf 
arm-none-eabi-objdump -h -S SAGE_MCU.elf  > "SAGE_MCU.list"
   text	   data	    bss	    dec	    hex	filename
  61796	    468	   2500	  64764	   fcfc	SAGE_MCU.elf
Finished building: default.size.stdout
 
Finished building: SAGE_MCU.list
 
10:40:43 **** Incremental Build of configuration Debug for project SAGE_MCU ****
make -j12 all 
arm-none-eabi-gcc "../Core/Src/main.c" -mcpu=cortex-m0plus -std=gnu11 -g3 -DDEBUG -DUSE_HAL_DRIVER -DSTM32G0B1xx -c -I../Core/Inc -I../Drivers/STM32G0xx_HAL_Driver/Inc -I../Drivers/STM32G0xx_HAL_Driver/Inc/Legacy -I../Drivers/CMSIS/Device/ST/STM32G0xx/Include -I../Drivers/CMSIS/Include -O0 -ffunction-sections -fdata-sections -Wall -fstack-usage -fcyclomatic-complexity -MMD -MP -MF"Core/Src/main.d" -MT"Core/Src/main.o" --specs=nano.specs -mfloat-abi=soft -mthumb -o "Core/Src/main.o"
../Core/Src/main.c: In function 'Control_Update':
../Core/Src/main.c:350:15: warning: unused variable 'uR' [-Wunused-variable]
  350 |         float uR = KP * eR + i_term_R;
      |               ^~
../Core/Src/main.c:349:15: warning: unused variable 'uL' [-Wunused-variable]
  349 |         float uL = KP * eL + i_term_L;
      |               ^~
arm-none-eabi-gcc -o "SAGE_MCU.elf" @"objects.list"   -mcpu=cortex-m0plus -T"C:\Users\Aidan\Documents\GitHub\SAGE_ROBOT\SAGE_MCU\STM32G0B1RETX_FLASH.ld" --specs=nosys.specs -Wl,-Map="SAGE_MCU.map" -Wl,--gc-sections -static --specs=nano.specs -mfloat-abi=soft -mthumb -u _printf_float -Wl,--start-group -lc -lm -Wl,--end-group
Finished building target: SAGE_MCU.elf
 
arm-none-eabi-size  SAGE_MCU.elf 
arm-none-eabi-objdump -h -S SAGE_MCU.elf  > "SAGE_MCU.list"
   text	   data	    bss	    dec	    hex	filename
  61796	    468	   2500	  64764	   fcfc	SAGE_MCU.elf
Finished building: default.size.stdout
 
Finished building: SAGE_MCU.list
 
10:45:57 **** Incremental Build of configuration Debug for project SAGE_MCU ****
make -j12 all 
arm-none-eabi-gcc "../Core/Src/main.c" -mcpu=cortex-m0plus -std=gnu11 -g3 -DDEBUG -DUSE_HAL_DRIVER -DSTM32G0B1xx -c -I../Core/Inc -I../Drivers/STM32G0xx_HAL_Driver/Inc -I../Drivers/STM32G0xx_HAL_Driver/Inc/Legacy -I../Drivers/CMSIS/Device/ST/STM32G0xx/Include -I../Drivers/CMSIS/Include -O0 -ffunction-sections -fdata-sections -Wall -fstack-usage -fcyclomatic-complexity -MMD -MP -MF"Core/Src/main.d" -MT"Core/Src/main.o" --specs=nano.specs -mfloat-abi=soft -mthumb -o "Core/Src/main.o"
arm-none-eabi-gcc -o "SAGE_MCU.elf" @"objects.list"   -mcpu=cortex-m0plus -T"C:\Users\Aidan\Documents\GitHub\SAGE_ROBOT\SAGE_MCU\STM32G0B1RETX_FLASH.ld" --specs=nosys.specs -Wl,-Map="SAGE_MCU.map" -Wl,--gc-sections -static --specs=nano.specs -mfloat-abi=soft -mthumb -u _printf_float -Wl,--start-group -lc -lm -Wl,--end-group
Finished building target: SAGE_MCU.elf
 
arm-none-eabi-size  SAGE_MCU.elf 
arm-none-eabi-objdump -h -S SAGE_MCU.elf  > "SAGE_MCU.list"
   text	   data	    bss	    dec	    hex	filename
  61812	    468	   2500	  64780	   fd0c	SAGE_MCU.elf
Finished building: default.size.stdout
 
Finished building: SAGE_MCU.list
 
10:46:31 **** Incremental Build of configuration Debug for project SAGE_MCU ****
make -j12 all 
arm-none-eabi-gcc "../Core/Src/main.c" -mcpu=cortex-m0plus -std=gnu11 -g3 -DDEBUG -DUSE_HAL_DRIVER -DSTM32G0B1xx -c -I../Core/Inc -I../Drivers/STM32G0xx_HAL_Driver/Inc -I../Drivers/STM32G0xx_HAL_Driver/Inc/Legacy -I../Drivers/CMSIS/Device/ST/STM32G0xx/Include -I../Drivers/CMSIS/Include -O0 -ffunction-sections -fdata-sections -Wall -fstack-usage -fcyclomatic-complexity -MMD -MP -MF"Core/Src/main.d" -MT"Core/Src/main.o" --specs=nano.specs -mfloat-abi=soft -mthumb -o "Core/Src/main.o"
arm-none-eabi-gcc -o "SAGE_MCU.elf" @"objects.list"   -mcpu=cortex-m0plus -T"C:\Users\Aidan\Documents\GitHub\SAGE_ROBOT\SAGE_MCU\STM32G0B1RETX_FLASH.ld" --specs=nosys.specs -Wl,-Map="SAGE_MCU.map" -Wl,--gc-sections -static --specs=nano.specs -mfloat-abi=soft -mthumb -u _printf_float -Wl,--start-group -lc -lm -Wl,--end-group
Finished building target: SAGE_MCU.elf
 
arm-none-eabi-size  SAGE_MCU.elf 
arm-none-eabi-objdump -h -S SAGE_MCU.elf  > "SAGE_MCU.list"
   text	   data	    bss	    dec	    hex	filename
  61808	    468	   2500	  64776	   fd08	SAGE_MCU.elf
Finished building: default.size.stdout
 
Finished building: SAGE_MCU.list
 
10:47:38 **** Incremental Build of configuration Debug for project SAGE_MCU ****
make -j12 all 
arm-none-eabi-gcc "../Core/Src/main.c" -mcpu=cortex-m0plus -std=gnu11 -g3 -DDEBUG -DUSE_HAL_DRIVER -DSTM32G0B1xx -c -I../Core/Inc -I../Drivers/STM32G0xx_HAL_Driver/Inc -I../Drivers/STM32G0xx_HAL_Driver/Inc/Legacy -I../Drivers/CMSIS/Device/ST/STM32G0xx/Include -I../Drivers/CMSIS/Include -O0 -ffunction-sections -fdata-sections -Wall -fstack-usage -fcyclomatic-complexity -MMD -MP -MF"Core/Src/main.d" -MT"Core/Src/main.o" --specs=nano.specs -mfloat-abi=soft -mthumb -o "Core/Src/main.o"
../Core/Src/main.c: In function 'Control_Update':
../Core/Src/main.c:350:15: warning: unused variable 'uR' [-Wunused-variable]
  350 |         float uR = KP * eR + i_term_R;
      |               ^~
../Core/Src/main.c:349:15: warning: unused variable 'uL' [-Wunused-variable]
  349 |         float uL = KP * eL + i_term_L;
      |               ^~
arm-none-eabi-gcc -o "SAGE_MCU.elf" @"objects.list"   -mcpu=cortex-m0plus -T"C:\Users\Aidan\Documents\GitHub\SAGE_ROBOT\SAGE_MCU\STM32G0B1RETX_FLASH.ld" --specs=nosys.specs -Wl,-Map="SAGE_MCU.map" -Wl,--gc-sections -static --specs=nano.specs -mfloat-abi=soft -mthumb -u _printf_float -Wl,--start-group -lc -lm -Wl,--end-group
Finished building target: SAGE_MCU.elf
 
arm-none-eabi-size  SAGE_MCU.elf 
arm-none-eabi-objdump -h -S SAGE_MCU.elf  > "SAGE_MCU.list"
   text	   data	    bss	    dec	    hex	filename
  61796	    468	   2500	  64764	   fcfc	SAGE_MCU.elf
Finished building: default.size.stdout
 
Finished building: SAGE_MCU.list
 
10:48:03 **** Incremental Build of configuration Debug for project SAGE_MCU ****
make -j12 all 
arm-none-eabi-gcc "../Core/Src/main.c" -mcpu=cortex-m0plus -std=gnu11 -g3 -DDEBUG -DUSE_HAL_DRIVER -DSTM32G0B1xx -c -I../Core/Inc -I../Drivers/STM32G0xx_HAL_Driver/Inc -I../Drivers/STM32G0xx_HAL_Driver/Inc/Legacy -I../Drivers/CMSIS/Device/ST/STM32G0xx/Include -I../Drivers/CMSIS/Include -O0 -ffunction-sections -fdata-sections -Wall -fstack-usage -fcyclomatic-complexity -MMD -MP -MF"Core/Src/main.d" -MT"Core/Src/main.o" --specs=nano.specs -mfloat-abi=soft -mthumb -o "Core/Src/main.o"
../Core/Src/main.c: In function 'Control_Update':
../Core/Src/main.c:350:15: warning: unused variable 'uR' [-Wunused-variable]
  350 |         float uR = KP * eR + i_term_R;
      |               ^~
../Core/Src/main.c:349:15: warning: unused variable 'uL' [-Wunused-variable]
  349 |         float uL = KP * eL + i_term_L;
      |               ^~
arm-none-eabi-gcc -o "SAGE_MCU.elf" @"objects.list"   -mcpu=cortex-m0plus -T"C:\Users\Aidan\Documents\GitHub\SAGE_ROBOT\SAGE_MCU\STM32G0B1RETX_FLASH.ld" --specs=nosys.specs -Wl,-Map="SAGE_MCU.map" -Wl,--gc-sections -static --specs=nano.specs -mfloat-abi=soft -mthumb -u _printf_float -Wl,--start-group -lc -lm -Wl,--end-group
Finished building target: SAGE_MCU.elf
 
arm-none-eabi-size  SAGE_MCU.elf 
arm-none-eabi-objdump -h -S SAGE_MCU.elf  > "SAGE_MCU.list"
   text	   data	    bss	    dec	    hex	filename
  61796	    468	   2500	  64764	   fcfc	SAGE_MCU.elf
Finished building: default.size.stdout
 
Finished building: SAGE_MCU.list
 
10:48:42 **** Incremental Build of configuration Debug for project SAGE_MCU ****
make -j12 all 
arm-none-eabi-gcc "../Core/Src/main.c" -mcpu=cortex-m0plus -std=gnu11 -g3 -DDEBUG -DUSE_HAL_DRIVER -DSTM32G0B1xx -c -I../Core/Inc -I../Drivers/STM32G0xx_HAL_Driver/Inc -I../Drivers/STM32G0xx_HAL_Driver/Inc/Legacy -I../Drivers/CMSIS/Device/ST/STM32G0xx/Include -I../Drivers/CMSIS/Include -O0 -ffunction-sections -fdata-sections -Wall -fstack-usage -fcyclomatic-complexity -MMD -MP -MF"Core/Src/main.d" -MT"Core/Src/main.o" --specs=nano.specs -mfloat-abi=soft -mthumb -o "Core/Src/main.o"
../Core/Src/main.c: In function 'Control_Update':
../Core/Src/main.c:350:15: warning: unused variable 'uR' [-Wunused-variable]
  350 |         float uR = KP * eR + i_term_R;
      |               ^~
../Core/Src/main.c:349:15: warning: unused variable 'uL' [-Wunused-variable]
  349 |         float uL = KP * eL + i_term_L;
      |               ^~
arm-none-eabi-gcc -o "SAGE_MCU.elf" @"objects.list"   -mcpu=cortex-m0plus -T"C:\Users\Aidan\Documents\GitHub\SAGE_ROBOT\SAGE_MCU\STM32G0B1RETX_FLASH.ld" --specs=nosys.specs -Wl,-Map="SAGE_MCU.map" -Wl,--gc-sections -static --specs=nano.specs -mfloat-abi=soft -mthumb -u _printf_float -Wl,--start-group -lc -lm -Wl,--end-group
Finished building target: SAGE_MCU.elf
 
arm-none-eabi-size  SAGE_MCU.elf 
arm-none-eabi-objdump -h -S SAGE_MCU.elf  > "SAGE_MCU.list"
   text	   data	    bss	    dec	    hex	filename
  61796	    468	   2500	  64764	   fcfc	SAGE_MCU.elf
Finished building: default.size.stdout
 
Finished building: SAGE_MCU.list
 
10:50:57 **** Incremental Build of configuration Debug for project SAGE_MCU ****
make -j12 all 
arm-none-eabi-gcc "../Core/Src/main.c" -mcpu=cortex-m0plus -std=gnu11 -g3 -DDEBUG -DUSE_HAL_DRIVER -DSTM32G0B1xx -c -I../Core/Inc -I../Drivers/STM32G0xx_HAL_Driver/Inc -I../Drivers/STM32G0xx_HAL_Driver/Inc/Legacy -I../Drivers/CMSIS/Device/ST/STM32G0xx/Include -I../Drivers/CMSIS/Include -O0 -ffunction-sections -fdata-sections -Wall -fstack-usage -fcyclomatic-complexity -MMD -MP -MF"Core/Src/main.d" -MT"Core/Src/main.o" --specs=nano.specs -mfloat-abi=soft -mthumb -o "Core/Src/main.o"
../Core/Src/main.c: In function 'Control_Update':
../Core/Src/main.c:348:15: warning: unused variable 'uR' [-Wunused-variable]
  348 |         float uR = KP * eR + i_term_R;
      |               ^~
../Core/Src/main.c:347:15: warning: unused variable 'uL' [-Wunused-variable]
  347 |         float uL = KP * eL + i_term_L;
      |               ^~
arm-none-eabi-gcc -o "SAGE_MCU.elf" @"objects.list"   -mcpu=cortex-m0plus -T"C:\Users\Aidan\Documents\GitHub\SAGE_ROBOT\SAGE_MCU\STM32G0B1RETX_FLASH.ld" --specs=nosys.specs -Wl,-Map="SAGE_MCU.map" -Wl,--gc-sections -static --specs=nano.specs -mfloat-abi=soft -mthumb -u _printf_float -Wl,--start-group -lc -lm -Wl,--end-group
Finished building target: SAGE_MCU.elf
 
arm-none-eabi-size  SAGE_MCU.elf 
arm-none-eabi-objdump -h -S SAGE_MCU.elf  > "SAGE_MCU.list"
   text	   data	    bss	    dec	    hex	filename
  61952	    468	   2500	  64920	   fd98	SAGE_MCU.elf
Finished building: default.size.stdout
 
Finished building: SAGE_MCU.list
 
10:51:37 **** Incremental Build of configuration Debug for project SAGE_MCU ****
make -j12 all 
arm-none-eabi-gcc "../Core/Src/main.c" -mcpu=cortex-m0plus -std=gnu11 -g3 -DDEBUG -DUSE_HAL_DRIVER -DSTM32G0B1xx -c -I../Core/Inc -I../Drivers/STM32G0xx_HAL_Driver/Inc -I../Drivers/STM32G0xx_HAL_Driver/Inc/Legacy -I../Drivers/CMSIS/Device/ST/STM32G0xx/Include -I../Drivers/CMSIS/Include -O0 -ffunction-sections -fdata-sections -Wall -fstack-usage -fcyclomatic-complexity -MMD -MP -MF"Core/Src/main.d" -MT"Core/Src/main.o" --specs=nano.specs -mfloat-abi=soft -mthumb -o "Core/Src/main.o"
../Core/Src/main.c: In function 'Control_Update':
../Core/Src/main.c:350:15: warning: unused variable 'uR' [-Wunused-variable]
  350 |         float uR = KP * eR + i_term_R;
      |               ^~
../Core/Src/main.c:349:15: warning: unused variable 'uL' [-Wunused-variable]
  349 |         float uL = KP * eL + i_term_L;
      |               ^~
arm-none-eabi-gcc -o "SAGE_MCU.elf" @"objects.list"   -mcpu=cortex-m0plus -T"C:\Users\Aidan\Documents\GitHub\SAGE_ROBOT\SAGE_MCU\STM32G0B1RETX_FLASH.ld" --specs=nosys.specs -Wl,-Map="SAGE_MCU.map" -Wl,--gc-sections -static --specs=nano.specs -mfloat-abi=soft -mthumb -u _printf_float -Wl,--start-group -lc -lm -Wl,--end-group
Finished building target: SAGE_MCU.elf
 
arm-none-eabi-size  SAGE_MCU.elf 
arm-none-eabi-objdump -h -S SAGE_MCU.elf  > "SAGE_MCU.list"
   text	   data	    bss	    dec	    hex	filename
  61796	    468	   2500	  64764	   fcfc	SAGE_MCU.elf
Finished building: default.size.stdout
 
Finished building: SAGE_MCU.list
 
10:52:17 **** Incremental Build of configuration Debug for project SAGE_MCU ****
make -j12 all 
arm-none-eabi-gcc "../Core/Src/main.c" -mcpu=cortex-m0plus -std=gnu11 -g3 -DDEBUG -DUSE_HAL_DRIVER -DSTM32G0B1xx -c -I../Core/Inc -I../Drivers/STM32G0xx_HAL_Driver/Inc -I../Drivers/STM32G0xx_HAL_Driver/Inc/Legacy -I../Drivers/CMSIS/Device/ST/STM32G0xx/Include -I../Drivers/CMSIS/Include -O0 -ffunction-sections -fdata-sections -Wall -fstack-usage -fcyclomatic-complexity -MMD -MP -MF"Core/Src/main.d" -MT"Core/Src/main.o" --specs=nano.specs -mfloat-abi=soft -mthumb -o "Core/Src/main.o"
arm-none-eabi-gcc -o "SAGE_MCU.elf" @"objects.list"   -mcpu=cortex-m0plus -T"C:\Users\Aidan\Documents\GitHub\SAGE_ROBOT\SAGE_MCU\STM32G0B1RETX_FLASH.ld" --specs=nosys.specs -Wl,-Map="SAGE_MCU.map" -Wl,--gc-sections -static --specs=nano.specs -mfloat-abi=soft -mthumb -u _printf_float -Wl,--start-group -lc -lm -Wl,--end-group
Finished building target: SAGE_MCU.elf
 
arm-none-eabi-size  SAGE_MCU.elf 
arm-none-eabi-objdump -h -S SAGE_MCU.elf  > "SAGE_MCU.list"
   text	   data	    bss	    dec	    hex	filename
  61812	    468	   2500	  64780	   fd0c	SAGE_MCU.elf
Finished building: default.size.stdout
 
Finished building: SAGE_MCU.list
 
10:53:34 **** Incremental Build of configuration Debug for project SAGE_MCU ****
make -j12 all 
arm-none-eabi-gcc "../Core/Src/main.c" -mcpu=cortex-m0plus -std=gnu11 -g3 -DDEBUG -DUSE_HAL_DRIVER -DSTM32G0B1xx -c -I../Core/Inc -I../Drivers/STM32G0xx_HAL_Driver/Inc -I../Drivers/STM32G0xx_HAL_Driver/Inc/Legacy -I../Drivers/CMSIS/Device/ST/STM32G0xx/Include -I../Drivers/CMSIS/Include -O0 -ffunction-sections -fdata-sections -Wall -fstack-usage -fcyclomatic-complexity -MMD -MP -MF"Core/Src/main.d" -MT"Core/Src/main.o" --specs=nano.specs -mfloat-abi=soft -mthumb -o "Core/Src/main.o"
arm-none-eabi-gcc -o "SAGE_MCU.elf" @"objects.list"   -mcpu=cortex-m0plus -T"C:\Users\Aidan\Documents\GitHub\SAGE_ROBOT\SAGE_MCU\STM32G0B1RETX_FLASH.ld" --specs=nosys.specs -Wl,-Map="SAGE_MCU.map" -Wl,--gc-sections -static --specs=nano.specs -mfloat-abi=soft -mthumb -u _printf_float -Wl,--start-group -lc -lm -Wl,--end-group
Finished building target: SAGE_MCU.elf
 
arm-none-eabi-size  SAGE_MCU.elf 
arm-none-eabi-objdump -h -S SAGE_MCU.elf  > "SAGE_MCU.list"
   text	   data	    bss	    dec	    hex	filename
  61812	    468	   2500	  64780	   fd0c	SAGE_MCU.elf
Finished building: default.size.stdout
 
Finished building: SAGE_MCU.list
 
10:53:54 **** Incremental Build of configuration Debug for project SAGE_MCU ****
make -j12 all 
arm-none-eabi-gcc "../Core/Src/main.c" -mcpu=cortex-m0plus -std=gnu11 -g3 -DDEBUG -DUSE_HAL_DRIVER -DSTM32G0B1xx -c -I../Core/Inc -I../Drivers/STM32G0xx_HAL_Driver/Inc -I../Drivers/STM32G0xx_HAL_Driver/Inc/Legacy -I../Drivers/CMSIS/Device/ST/STM32G0xx/Include -I../Drivers/CMSIS/Include -O0 -ffunction-sections -fdata-sections -Wall -fstack-usage -fcyclomatic-complexity -MMD -MP -MF"Core/Src/main.d" -MT"Core/Src/main.o" --specs=nano.specs -mfloat-abi=soft -mthumb -o "Core/Src/main.o"
arm-none-eabi-gcc -o "SAGE_MCU.elf" @"objects.list"   -mcpu=cortex-m0plus -T"C:\Users\Aidan\Documents\GitHub\SAGE_ROBOT\SAGE_MCU\STM32G0B1RETX_FLASH.ld" --specs=nosys.specs -Wl,-Map="SAGE_MCU.map" -Wl,--gc-sections -static --specs=nano.specs -mfloat-abi=soft -mthumb -u _printf_float -Wl,--start-group -lc -lm -Wl,--end-group
Finished building target: SAGE_MCU.elf
 
arm-none-eabi-size  SAGE_MCU.elf 
arm-none-eabi-objdump -h -S SAGE_MCU.elf  > "SAGE_MCU.list"
   text	   data	    bss	    dec	    hex	filename
  61812	    468	   2500	  64780	   fd0c	SAGE_MCU.elf
Finished building: default.size.stdout
 
Finished building: SAGE_MCU.list
 
10:54:45 **** Incremental Build of configuration Debug for project SAGE_MCU ****
make -j12 all 
arm-none-eabi-gcc "../Core/Src/main.c" -mcpu=cortex-m0plus -std=gnu11 -g3 -DDEBUG -DUSE_HAL_DRIVER -DSTM32G0B1xx -c -I../Core/Inc -I../Drivers/STM32G0xx_HAL_Driver/Inc -I../Drivers/STM32G0xx_HAL_Driver/Inc/Legacy -I../Drivers/CMSIS/Device/ST/STM32G0xx/Include -I../Drivers/CMSIS/Include -O0 -ffunction-sections -fdata-sections -Wall -fstack-usage -fcyclomatic-complexity -MMD -MP -MF"Core/Src/main.d" -MT"Core/Src/main.o" --specs=nano.specs -mfloat-abi=soft -mthumb -o "Core/Src/main.o"
arm-none-eabi-gcc -o "SAGE_MCU.elf" @"objects.list"   -mcpu=cortex-m0plus -T"C:\Users\Aidan\Documents\GitHub\SAGE_ROBOT\SAGE_MCU\STM32G0B1RETX_FLASH.ld" --specs=nosys.specs -Wl,-Map="SAGE_MCU.map" -Wl,--gc-sections -static --specs=nano.specs -mfloat-abi=soft -mthumb -u _printf_float -Wl,--start-group -lc -lm -Wl,--end-group
Finished building target: SAGE_MCU.elf
 
arm-none-eabi-size  SAGE_MCU.elf 
arm-none-eabi-objdump -h -S SAGE_MCU.elf  > "SAGE_MCU.list"
   text	   data	    bss	    dec	    hex	filename
  61820	    468	   2500	  64788	   fd14	SAGE_MCU.elf
Finished building: default.size.stdout
 
Finished building: SAGE_MCU.list
 
10:55:05 **** Incremental Build of configuration Debug for project SAGE_MCU ****
make -j12 all 
arm-none-eabi-gcc "../Core/Src/main.c" -mcpu=cortex-m0plus -std=gnu11 -g3 -DDEBUG -DUSE_HAL_DRIVER -DSTM32G0B1xx -c -I../Core/Inc -I../Drivers/STM32G0xx_HAL_Driver/Inc -I../Drivers/STM32G0xx_HAL_Driver/Inc/Legacy -I../Drivers/CMSIS/Device/ST/STM32G0xx/Include -I../Drivers/CMSIS/Include -O0 -ffunction-sections -fdata-sections -Wall -fstack-usage -fcyclomatic-complexity -MMD -MP -MF"Core/Src/main.d" -MT"Core/Src/main.o" --specs=nano.specs -mfloat-abi=soft -mthumb -o "Core/Src/main.o"
arm-none-eabi-gcc -o "SAGE_MCU.elf" @"objects.list"   -mcpu=cortex-m0plus -T"C:\Users\Aidan\Documents\GitHub\SAGE_ROBOT\SAGE_MCU\STM32G0B1RETX_FLASH.ld" --specs=nosys.specs -Wl,-Map="SAGE_MCU.map" -Wl,--gc-sections -static --specs=nano.specs -mfloat-abi=soft -mthumb -u _printf_float -Wl,--start-group -lc -lm -Wl,--end-group
Finished building target: SAGE_MCU.elf
 
arm-none-eabi-size  SAGE_MCU.elf 
arm-none-eabi-objdump -h -S SAGE_MCU.elf  > "SAGE_MCU.list"
   text	   data	    bss	    dec	    hex	filename
  61812	    468	   2500	  64780	   fd0c	SAGE_MCU.elf
Finished building: default.size.stdout
 
Finished building: SAGE_MCU.list
 
10:55:17 **** Incremental Build of configuration Debug for project SAGE_MCU ****
make -j12 all 
arm-none-eabi-gcc "../Core/Src/main.c" -mcpu=cortex-m0plus -std=gnu11 -g3 -DDEBUG -DUSE_HAL_DRIVER -DSTM32G0B1xx -c -I../Core/Inc -I../Drivers/STM32G0xx_HAL_Driver/Inc -I../Drivers/STM32G0xx_HAL_Driver/Inc/Legacy -I../Drivers/CMSIS/Device/ST/STM32G0xx/Include -I../Drivers/CMSIS/Include -O0 -ffunction-sections -fdata-sections -Wall -fstack-usage -fcyclomatic-complexity -MMD -MP -MF"Core/Src/main.d" -MT"Core/Src/main.o" --specs=nano.specs -mfloat-abi=soft -mthumb -o "Core/Src/main.o"
arm-none-eabi-gcc -o "SAGE_MCU.elf" @"objects.list"   -mcpu=cortex-m0plus -T"C:\Users\Aidan\Documents\GitHub\SAGE_ROBOT\SAGE_MCU\STM32G0B1RETX_FLASH.ld" --specs=nosys.specs -Wl,-Map="SAGE_MCU.map" -Wl,--gc-sections -static --specs=nano.specs -mfloat-abi=soft -mthumb -u _printf_float -Wl,--start-group -lc -lm -Wl,--end-group
Finished building target: SAGE_MCU.elf
 
arm-none-eabi-size  SAGE_MCU.elf 
arm-none-eabi-objdump -h -S SAGE_MCU.elf  > "SAGE_MCU.list"
   text	   data	    bss	    dec	    hex	filename
  61812	    468	   2500	  64780	   fd0c	SAGE_MCU.elf
Finished building: default.size.stdout
 
Finished building: SAGE_MCU.list
 
10:56:27 **** Incremental Build of configuration Debug for project SAGE_MCU ****
make -j12 all 
arm-none-eabi-gcc "../Core/Src/main.c" -mcpu=cortex-m0plus -std=gnu11 -g3 -DDEBUG -DUSE_HAL_DRIVER -DSTM32G0B1xx -c -I../Core/Inc -I../Drivers/STM32G0xx_HAL_Driver/Inc -I../Drivers/STM32G0xx_HAL_Driver/Inc/Legacy -I../Drivers/CMSIS/Device/ST/STM32G0xx/Include -I../Drivers/CMSIS/Include -O0 -ffunction-sections -fdata-sections -Wall -fstack-usage -fcyclomatic-complexity -MMD -MP -MF"Core/Src/main.d" -MT"Core/Src/main.o" --specs=nano.specs -mfloat-abi=soft -mthumb -o "Core/Src/main.o"
arm-none-eabi-gcc -o "SAGE_MCU.elf" @"objects.list"   -mcpu=cortex-m0plus -T"C:\Users\Aidan\Documents\GitHub\SAGE_ROBOT\SAGE_MCU\STM32G0B1RETX_FLASH.ld" --specs=nosys.specs -Wl,-Map="SAGE_MCU.map" -Wl,--gc-sections -static --specs=nano.specs -mfloat-abi=soft -mthumb -u _printf_float -Wl,--start-group -lc -lm -Wl,--end-group
Finished building target: SAGE_MCU.elf
 
arm-none-eabi-size  SAGE_MCU.elf 
arm-none-eabi-objdump -h -S SAGE_MCU.elf  > "SAGE_MCU.list"
   text	   data	    bss	    dec	    hex	filename
  61812	    468	   2500	  64780	   fd0c	SAGE_MCU.elf
Finished building: default.size.stdout
 
Finished building: SAGE_MCU.list
 
10:57:21 **** Incremental Build of configuration Debug for project SAGE_MCU ****
make -j12 all 
arm-none-eabi-gcc "../Core/Src/main.c" -mcpu=cortex-m0plus -std=gnu11 -g3 -DDEBUG -DUSE_HAL_DRIVER -DSTM32G0B1xx -c -I../Core/Inc -I../Drivers/STM32G0xx_HAL_Driver/Inc -I../Drivers/STM32G0xx_HAL_Driver/Inc/Legacy -I../Drivers/CMSIS/Device/ST/STM32G0xx/Include -I../Drivers/CMSIS/Include -O0 -ffunction-sections -fdata-sections -Wall -fstack-usage -fcyclomatic-complexity -MMD -MP -MF"Core/Src/main.d" -MT"Core/Src/main.o" --specs=nano.specs -mfloat-abi=soft -mthumb -o "Core/Src/main.o"
arm-none-eabi-gcc -o "SAGE_MCU.elf" @"objects.list"   -mcpu=cortex-m0plus -T"C:\Users\Aidan\Documents\GitHub\SAGE_ROBOT\SAGE_MCU\STM32G0B1RETX_FLASH.ld" --specs=nosys.specs -Wl,-Map="SAGE_MCU.map" -Wl,--gc-sections -static --specs=nano.specs -mfloat-abi=soft -mthumb -u _printf_float -Wl,--start-group -lc -lm -Wl,--end-group
Finished building target: SAGE_MCU.elf
 
arm-none-eabi-size  SAGE_MCU.elf 
arm-none-eabi-objdump -h -S SAGE_MCU.elf  > "SAGE_MCU.list"
   text	   data	    bss	    dec	    hex	filename
  61812	    468	   2500	  64780	   fd0c	SAGE_MCU.elf
Finished building: default.size.stdout
 
Finished building: SAGE_MCU.list
 
11:01:53 **** Incremental Build of configuration Debug for project SAGE_MCU ****
make -j12 all 
arm-none-eabi-gcc "../Core/Src/main.c" -mcpu=cortex-m0plus -std=gnu11 -g3 -DDEBUG -DUSE_HAL_DRIVER -DSTM32G0B1xx -c -I../Core/Inc -I../Drivers/STM32G0xx_HAL_Driver/Inc -I../Drivers/STM32G0xx_HAL_Driver/Inc/Legacy -I../Drivers/CMSIS/Device/ST/STM32G0xx/Include -I../Drivers/CMSIS/Include -O0 -ffunction-sections -fdata-sections -Wall -fstack-usage -fcyclomatic-complexity -MMD -MP -MF"Core/Src/main.d" -MT"Core/Src/main.o" --specs=nano.specs -mfloat-abi=soft -mthumb -o "Core/Src/main.o"
arm-none-eabi-gcc -o "SAGE_MCU.elf" @"objects.list"   -mcpu=cortex-m0plus -T"C:\Users\Aidan\Documents\GitHub\SAGE_ROBOT\SAGE_MCU\STM32G0B1RETX_FLASH.ld" --specs=nosys.specs -Wl,-Map="SAGE_MCU.map" -Wl,--gc-sections -static --specs=nano.specs -mfloat-abi=soft -mthumb -u _printf_float -Wl,--start-group -lc -lm -Wl,--end-group
Finished building target: SAGE_MCU.elf
 
arm-none-eabi-size  SAGE_MCU.elf 
arm-none-eabi-objdump -h -S SAGE_MCU.elf  > "SAGE_MCU.list"
   text	   data	    bss	    dec	    hex	filename
  61824	    468	   2500	  64792	   fd18	SAGE_MCU.elf
Finished building: default.size.stdout
 
Finished building: SAGE_MCU.list
 
11:10:26 **** Incremental Build of configuration Debug for project SAGE_MCU ****
make -j12 all 
arm-none-eabi-gcc "../Core/Src/main.c" -mcpu=cortex-m0plus -std=gnu11 -g3 -DDEBUG -DUSE_HAL_DRIVER -DSTM32G0B1xx -c -I../Core/Inc -I../Drivers/STM32G0xx_HAL_Driver/Inc -I../Drivers/STM32G0xx_HAL_Driver/Inc/Legacy -I../Drivers/CMSIS/Device/ST/STM32G0xx/Include -I../Drivers/CMSIS/Include -O0 -ffunction-sections -fdata-sections -Wall -fstack-usage -fcyclomatic-complexity -MMD -MP -MF"Core/Src/main.d" -MT"Core/Src/main.o" --specs=nano.specs -mfloat-abi=soft -mthumb -o "Core/Src/main.o"
../Core/Src/main.c: In function 'main':
../Core/Src/main.c:502:36: warning: unused variable 'd' [-Wunused-variable]
  502 |                         IMU_Data_t d = Read_IMU();   // consider bias removal here
      |                                    ^
../Core/Src/main.c: At top level:
../Core/Src/main.c:396:13: warning: 'TX_Imu' defined but not used [-Wunused-function]
  396 | static void TX_Imu(const IMU_Data_t* d)
      |             ^~~~~~
arm-none-eabi-gcc -o "SAGE_MCU.elf" @"objects.list"   -mcpu=cortex-m0plus -T"C:\Users\Aidan\Documents\GitHub\SAGE_ROBOT\SAGE_MCU\STM32G0B1RETX_FLASH.ld" --specs=nosys.specs -Wl,-Map="SAGE_MCU.map" -Wl,--gc-sections -static --specs=nano.specs -mfloat-abi=soft -mthumb -u _printf_float -Wl,--start-group -lc -lm -Wl,--end-group
Finished building target: SAGE_MCU.elf
 
arm-none-eabi-size  SAGE_MCU.elf 
arm-none-eabi-objdump -h -S SAGE_MCU.elf  > "SAGE_MCU.list"
   text	   data	    bss	    dec	    hex	filename
  61660	    468	   2500	  64628	   fc74	SAGE_MCU.elf
Finished building: default.size.stdout
 
Finished building: SAGE_MCU.list
 
11:13:32 **** Incremental Build of configuration Debug for project SAGE_MCU ****
make -j12 all 
arm-none-eabi-gcc "../Core/Src/main.c" -mcpu=cortex-m0plus -std=gnu11 -g3 -DDEBUG -DUSE_HAL_DRIVER -DSTM32G0B1xx -c -I../Core/Inc -I../Drivers/STM32G0xx_HAL_Driver/Inc -I../Drivers/STM32G0xx_HAL_Driver/Inc/Legacy -I../Drivers/CMSIS/Device/ST/STM32G0xx/Include -I../Drivers/CMSIS/Include -O0 -ffunction-sections -fdata-sections -Wall -fstack-usage -fcyclomatic-complexity -MMD -MP -MF"Core/Src/main.d" -MT"Core/Src/main.o" --specs=nano.specs -mfloat-abi=soft -mthumb -o "Core/Src/main.o"
arm-none-eabi-gcc -o "SAGE_MCU.elf" @"objects.list"   -mcpu=cortex-m0plus -T"C:\Users\Aidan\Documents\GitHub\SAGE_ROBOT\SAGE_MCU\STM32G0B1RETX_FLASH.ld" --specs=nosys.specs -Wl,-Map="SAGE_MCU.map" -Wl,--gc-sections -static --specs=nano.specs -mfloat-abi=soft -mthumb -u _printf_float -Wl,--start-group -lc -lm -Wl,--end-group
Finished building target: SAGE_MCU.elf
 
arm-none-eabi-size  SAGE_MCU.elf 
arm-none-eabi-objdump -h -S SAGE_MCU.elf  > "SAGE_MCU.list"
   text	   data	    bss	    dec	    hex	filename
  61824	    468	   2500	  64792	   fd18	SAGE_MCU.elf
Finished building: default.size.stdout
 
Finished building: SAGE_MCU.list
 
11:30:26 **** Incremental Build of configuration Debug for project SAGE_MCU ****
make -j12 all 
arm-none-eabi-size  SAGE_MCU.elf 
   text	   data	    bss	    dec	    hex	filename
  61824	    468	   2500	  64792	   fd18	SAGE_MCU.elf
Finished building: default.size.stdout
 
19:07:14 **** Incremental Build of configuration Debug for project SAGE_MCU ****
make -j12 all 
arm-none-eabi-gcc "../Core/Src/main.c" -mcpu=cortex-m0plus -std=gnu11 -g3 -DDEBUG -DUSE_HAL_DRIVER -DSTM32G0B1xx -c -I../Core/Inc -I../Drivers/STM32G0xx_HAL_Driver/Inc -I../Drivers/STM32G0xx_HAL_Driver/Inc/Legacy -I../Drivers/CMSIS/Device/ST/STM32G0xx/Include -I../Drivers/CMSIS/Include -O0 -ffunction-sections -fdata-sections -Wall -fstack-usage -fcyclomatic-complexity -MMD -MP -MF"Core/Src/main.d" -MT"Core/Src/main.o" --specs=nano.specs -mfloat-abi=soft -mthumb -o "Core/Src/main.o"
../Core/Src/main.c: In function 'Control_Update':
../Core/Src/main.c:350:15: warning: unused variable 'uR' [-Wunused-variable]
  350 |         float uR = KP * eR + i_term_R;
      |               ^~
../Core/Src/main.c:349:15: warning: unused variable 'uL' [-Wunused-variable]
  349 |         float uL = KP * eL + i_term_L;
      |               ^~
arm-none-eabi-gcc -o "SAGE_MCU.elf" @"objects.list"   -mcpu=cortex-m0plus -T"C:\Users\Aidan\Documents\GitHub\SAGE_ROBOT\SAGE_MCU\STM32G0B1RETX_FLASH.ld" --specs=nosys.specs -Wl,-Map="SAGE_MCU.map" -Wl,--gc-sections -static --specs=nano.specs -mfloat-abi=soft -mthumb -u _printf_float -Wl,--start-group -lc -lm -Wl,--end-group
Finished building target: SAGE_MCU.elf
 
arm-none-eabi-size  SAGE_MCU.elf 
arm-none-eabi-objdump -h -S SAGE_MCU.elf  > "SAGE_MCU.list"
   text	   data	    bss	    dec	    hex	filename
  61816	    468	   2500	  64784	   fd10	SAGE_MCU.elf
Finished building: default.size.stdout
 
Finished building: SAGE_MCU.list
 
19:07:48 **** Incremental Build of configuration Debug for project SAGE_MCU ****
make -j12 all 
arm-none-eabi-gcc "../Core/Src/main.c" -mcpu=cortex-m0plus -std=gnu11 -g3 -DDEBUG -DUSE_HAL_DRIVER -DSTM32G0B1xx -c -I../Core/Inc -I../Drivers/STM32G0xx_HAL_Driver/Inc -I../Drivers/STM32G0xx_HAL_Driver/Inc/Legacy -I../Drivers/CMSIS/Device/ST/STM32G0xx/Include -I../Drivers/CMSIS/Include -O0 -ffunction-sections -fdata-sections -Wall -fstack-usage -fcyclomatic-complexity -MMD -MP -MF"Core/Src/main.d" -MT"Core/Src/main.o" --specs=nano.specs -mfloat-abi=soft -mthumb -o "Core/Src/main.o"
../Core/Src/main.c: In function 'Control_Update':
../Core/Src/main.c:350:15: warning: unused variable 'uR' [-Wunused-variable]
  350 |         float uR = KP * eR + i_term_R;
      |               ^~
../Core/Src/main.c:349:15: warning: unused variable 'uL' [-Wunused-variable]
  349 |         float uL = KP * eL + i_term_L;
      |               ^~
arm-none-eabi-gcc -o "SAGE_MCU.elf" @"objects.list"   -mcpu=cortex-m0plus -T"C:\Users\Aidan\Documents\GitHub\SAGE_ROBOT\SAGE_MCU\STM32G0B1RETX_FLASH.ld" --specs=nosys.specs -Wl,-Map="SAGE_MCU.map" -Wl,--gc-sections -static --specs=nano.specs -mfloat-abi=soft -mthumb -u _printf_float -Wl,--start-group -lc -lm -Wl,--end-group
Finished building target: SAGE_MCU.elf
 
arm-none-eabi-size  SAGE_MCU.elf 
arm-none-eabi-objdump -h -S SAGE_MCU.elf  > "SAGE_MCU.list"
   text	   data	    bss	    dec	    hex	filename
  61816	    468	   2500	  64784	   fd10	SAGE_MCU.elf
Finished building: default.size.stdout
 
Finished building: SAGE_MCU.list
 
19:08:20 **** Incremental Build of configuration Debug for project SAGE_MCU ****
make -j12 all 
arm-none-eabi-size  SAGE_MCU.elf 
   text	   data	    bss	    dec	    hex	filename
  61816	    468	   2500	  64784	   fd10	SAGE_MCU.elf
Finished building: default.size.stdout
 
19:09:02 **** Incremental Build of configuration Debug for project SAGE_MCU ****
make -j12 all 
arm-none-eabi-gcc "../Core/Src/main.c" -mcpu=cortex-m0plus -std=gnu11 -g3 -DDEBUG -DUSE_HAL_DRIVER -DSTM32G0B1xx -c -I../Core/Inc -I../Drivers/STM32G0xx_HAL_Driver/Inc -I../Drivers/STM32G0xx_HAL_Driver/Inc/Legacy -I../Drivers/CMSIS/Device/ST/STM32G0xx/Include -I../Drivers/CMSIS/Include -O0 -ffunction-sections -fdata-sections -Wall -fstack-usage -fcyclomatic-complexity -MMD -MP -MF"Core/Src/main.d" -MT"Core/Src/main.o" --specs=nano.specs -mfloat-abi=soft -mthumb -o "Core/Src/main.o"
../Core/Src/main.c: In function 'Control_Update':
../Core/Src/main.c:350:15: warning: unused variable 'uR' [-Wunused-variable]
  350 |         float uR = KP * eR + i_term_R;
      |               ^~
../Core/Src/main.c:349:15: warning: unused variable 'uL' [-Wunused-variable]
  349 |         float uL = KP * eL + i_term_L;
      |               ^~
arm-none-eabi-gcc -o "SAGE_MCU.elf" @"objects.list"   -mcpu=cortex-m0plus -T"C:\Users\Aidan\Documents\GitHub\SAGE_ROBOT\SAGE_MCU\STM32G0B1RETX_FLASH.ld" --specs=nosys.specs -Wl,-Map="SAGE_MCU.map" -Wl,--gc-sections -static --specs=nano.specs -mfloat-abi=soft -mthumb -u _printf_float -Wl,--start-group -lc -lm -Wl,--end-group
Finished building target: SAGE_MCU.elf
 
arm-none-eabi-size  SAGE_MCU.elf 
arm-none-eabi-objdump -h -S SAGE_MCU.elf  > "SAGE_MCU.list"
   text	   data	    bss	    dec	    hex	filename
  61832	    468	   2500	  64800	   fd20	SAGE_MCU.elf
Finished building: default.size.stdout
 
Finished building: SAGE_MCU.list
 
19:09:13 **** Incremental Build of configuration Debug for project SAGE_MCU ****
make -j12 all 
arm-none-eabi-size  SAGE_MCU.elf 
   text	   data	    bss	    dec	    hex	filename
  61832	    468	   2500	  64800	   fd20	SAGE_MCU.elf
Finished building: default.size.stdout
 
19:09:30 **** Incremental Build of configuration Debug for project SAGE_MCU ****
make -j12 all 
arm-none-eabi-size  SAGE_MCU.elf 
   text	   data	    bss	    dec	    hex	filename
  61832	    468	   2500	  64800	   fd20	SAGE_MCU.elf
Finished building: default.size.stdout
 
19:09:47 **** Incremental Build of configuration Debug for project SAGE_MCU ****
make -j12 all 
arm-none-eabi-size  SAGE_MCU.elf 
   text	   data	    bss	    dec	    hex	filename
  61832	    468	   2500	  64800	   fd20	SAGE_MCU.elf
Finished building: default.size.stdout
 
19:09:56 **** Incremental Build of configuration Debug for project SAGE_MCU ****
make -j12 all 
arm-none-eabi-size  SAGE_MCU.elf 
   text	   data	    bss	    dec	    hex	filename
  61832	    468	   2500	  64800	   fd20	SAGE_MCU.elf
Finished building: default.size.stdout
 
19:10:23 **** Incremental Build of configuration Debug for project SAGE_MCU ****
make -j12 all 
arm-none-eabi-size  SAGE_MCU.elf 
   text	   data	    bss	    dec	    hex	filename
  61832	    468	   2500	  64800	   fd20	SAGE_MCU.elf
Finished building: default.size.stdout
 
19:10:40 **** Incremental Build of configuration Debug for project SAGE_MCU ****
make -j12 all 
arm-none-eabi-size  SAGE_MCU.elf 
   text	   data	    bss	    dec	    hex	filename
  61832	    468	   2500	  64800	   fd20	SAGE_MCU.elf
Finished building: default.size.stdout
 
19:11:15 **** Incremental Build of configuration Debug for project SAGE_MCU ****
make -j12 all 
arm-none-eabi-gcc "../Core/Src/main.c" -mcpu=cortex-m0plus -std=gnu11 -g3 -DDEBUG -DUSE_HAL_DRIVER -DSTM32G0B1xx -c -I../Core/Inc -I../Drivers/STM32G0xx_HAL_Driver/Inc -I../Drivers/STM32G0xx_HAL_Driver/Inc/Legacy -I../Drivers/CMSIS/Device/ST/STM32G0xx/Include -I../Drivers/CMSIS/Include -O0 -ffunction-sections -fdata-sections -Wall -fstack-usage -fcyclomatic-complexity -MMD -MP -MF"Core/Src/main.d" -MT"Core/Src/main.o" --specs=nano.specs -mfloat-abi=soft -mthumb -o "Core/Src/main.o"
../Core/Src/main.c: In function 'Control_Update':
../Core/Src/main.c:350:15: warning: unused variable 'uR' [-Wunused-variable]
  350 |         float uR = KP * eR + i_term_R;
      |               ^~
../Core/Src/main.c:349:15: warning: unused variable 'uL' [-Wunused-variable]
  349 |         float uL = KP * eL + i_term_L;
      |               ^~
arm-none-eabi-gcc -o "SAGE_MCU.elf" @"objects.list"   -mcpu=cortex-m0plus -T"C:\Users\Aidan\Documents\GitHub\SAGE_ROBOT\SAGE_MCU\STM32G0B1RETX_FLASH.ld" --specs=nosys.specs -Wl,-Map="SAGE_MCU.map" -Wl,--gc-sections -static --specs=nano.specs -mfloat-abi=soft -mthumb -u _printf_float -Wl,--start-group -lc -lm -Wl,--end-group
Finished building target: SAGE_MCU.elf
 
arm-none-eabi-size  SAGE_MCU.elf 
arm-none-eabi-objdump -h -S SAGE_MCU.elf  > "SAGE_MCU.list"
   text	   data	    bss	    dec	    hex	filename
  61832	    468	   2500	  64800	   fd20	SAGE_MCU.elf
Finished building: default.size.stdout
 
Finished building: SAGE_MCU.list
 
19:12:36 **** Incremental Build of configuration Debug for project SAGE_MCU ****
make -j12 all 
arm-none-eabi-gcc "../Core/Src/main.c" -mcpu=cortex-m0plus -std=gnu11 -g3 -DDEBUG -DUSE_HAL_DRIVER -DSTM32G0B1xx -c -I../Core/Inc -I../Drivers/STM32G0xx_HAL_Driver/Inc -I../Drivers/STM32G0xx_HAL_Driver/Inc/Legacy -I../Drivers/CMSIS/Device/ST/STM32G0xx/Include -I../Drivers/CMSIS/Include -O0 -ffunction-sections -fdata-sections -Wall -fstack-usage -fcyclomatic-complexity -MMD -MP -MF"Core/Src/main.d" -MT"Core/Src/main.o" --specs=nano.specs -mfloat-abi=soft -mthumb -o "Core/Src/main.o"
arm-none-eabi-gcc -o "SAGE_MCU.elf" @"objects.list"   -mcpu=cortex-m0plus -T"C:\Users\Aidan\Documents\GitHub\SAGE_ROBOT\SAGE_MCU\STM32G0B1RETX_FLASH.ld" --specs=nosys.specs -Wl,-Map="SAGE_MCU.map" -Wl,--gc-sections -static --specs=nano.specs -mfloat-abi=soft -mthumb -u _printf_float -Wl,--start-group -lc -lm -Wl,--end-group
Finished building target: SAGE_MCU.elf
 
arm-none-eabi-size  SAGE_MCU.elf 
arm-none-eabi-objdump -h -S SAGE_MCU.elf  > "SAGE_MCU.list"
   text	   data	    bss	    dec	    hex	filename
  61852	    468	   2500	  64820	   fd34	SAGE_MCU.elf
Finished building: default.size.stdout
 
Finished building: SAGE_MCU.list
 
19:14:32 **** Incremental Build of configuration Debug for project SAGE_MCU ****
make -j12 all 
arm-none-eabi-size  SAGE_MCU.elf 
   text	   data	    bss	    dec	    hex	filename
  61852	    468	   2500	  64820	   fd34	SAGE_MCU.elf
Finished building: default.size.stdout
 
19:15:11 **** Incremental Build of configuration Debug for project SAGE_MCU ****
make -j12 all 
arm-none-eabi-gcc "../Core/Src/main.c" -mcpu=cortex-m0plus -std=gnu11 -g3 -DDEBUG -DUSE_HAL_DRIVER -DSTM32G0B1xx -c -I../Core/Inc -I../Drivers/STM32G0xx_HAL_Driver/Inc -I../Drivers/STM32G0xx_HAL_Driver/Inc/Legacy -I../Drivers/CMSIS/Device/ST/STM32G0xx/Include -I../Drivers/CMSIS/Include -O0 -ffunction-sections -fdata-sections -Wall -fstack-usage -fcyclomatic-complexity -MMD -MP -MF"Core/Src/main.d" -MT"Core/Src/main.o" --specs=nano.specs -mfloat-abi=soft -mthumb -o "Core/Src/main.o"
../Core/Src/main.c: In function 'main':
../Core/Src/main.c:502:36: warning: unused variable 'd' [-Wunused-variable]
  502 |                         IMU_Data_t d = Read_IMU();   // consider bias removal here
      |                                    ^
../Core/Src/main.c: At top level:
../Core/Src/main.c:396:13: warning: 'TX_Imu' defined but not used [-Wunused-function]
  396 | static void TX_Imu(const IMU_Data_t* d)
      |             ^~~~~~
arm-none-eabi-gcc -o "SAGE_MCU.elf" @"objects.list"   -mcpu=cortex-m0plus -T"C:\Users\Aidan\Documents\GitHub\SAGE_ROBOT\SAGE_MCU\STM32G0B1RETX_FLASH.ld" --specs=nosys.specs -Wl,-Map="SAGE_MCU.map" -Wl,--gc-sections -static --specs=nano.specs -mfloat-abi=soft -mthumb -u _printf_float -Wl,--start-group -lc -lm -Wl,--end-group
Finished building target: SAGE_MCU.elf
 
arm-none-eabi-size  SAGE_MCU.elf 
arm-none-eabi-objdump -h -S SAGE_MCU.elf  > "SAGE_MCU.list"
   text	   data	    bss	    dec	    hex	filename
  61688	    468	   2500	  64656	   fc90	SAGE_MCU.elf
Finished building: default.size.stdout
 
Finished building: SAGE_MCU.list
 
19:21:21 **** Incremental Build of configuration Debug for project SAGE_MCU ****
make -j12 all 
arm-none-eabi-gcc "../Core/Src/main.c" -mcpu=cortex-m0plus -std=gnu11 -g3 -DDEBUG -DUSE_HAL_DRIVER -DSTM32G0B1xx -c -I../Core/Inc -I../Drivers/STM32G0xx_HAL_Driver/Inc -I../Drivers/STM32G0xx_HAL_Driver/Inc/Legacy -I../Drivers/CMSIS/Device/ST/STM32G0xx/Include -I../Drivers/CMSIS/Include -O0 -ffunction-sections -fdata-sections -Wall -fstack-usage -fcyclomatic-complexity -MMD -MP -MF"Core/Src/main.d" -MT"Core/Src/main.o" --specs=nano.specs -mfloat-abi=soft -mthumb -o "Core/Src/main.o"
../Core/Src/main.c: In function 'Control_Update':
../Core/Src/main.c:350:15: warning: unused variable 'uR' [-Wunused-variable]
  350 |         float uR = KP * eR + i_term_R;
      |               ^~
../Core/Src/main.c:349:15: warning: unused variable 'uL' [-Wunused-variable]
  349 |         float uL = KP * eL + i_term_L;
      |               ^~
arm-none-eabi-gcc -o "SAGE_MCU.elf" @"objects.list"   -mcpu=cortex-m0plus -T"C:\Users\Aidan\Documents\GitHub\SAGE_ROBOT\SAGE_MCU\STM32G0B1RETX_FLASH.ld" --specs=nosys.specs -Wl,-Map="SAGE_MCU.map" -Wl,--gc-sections -static --specs=nano.specs -mfloat-abi=soft -mthumb -u _printf_float -Wl,--start-group -lc -lm -Wl,--end-group
Finished building target: SAGE_MCU.elf
 
arm-none-eabi-size  SAGE_MCU.elf 
arm-none-eabi-objdump -h -S SAGE_MCU.elf  > "SAGE_MCU.list"
   text	   data	    bss	    dec	    hex	filename
  61832	    468	   2500	  64800	   fd20	SAGE_MCU.elf
Finished building: default.size.stdout
 
Finished building: SAGE_MCU.list
 
19:33:28 **** Incremental Build of configuration Debug for project SAGE_MCU ****
make -j12 all 
arm-none-eabi-gcc "../Core/Src/main.c" -mcpu=cortex-m0plus -std=gnu11 -g3 -DDEBUG -DUSE_HAL_DRIVER -DSTM32G0B1xx -c -I../Core/Inc -I../Drivers/STM32G0xx_HAL_Driver/Inc -I../Drivers/STM32G0xx_HAL_Driver/Inc/Legacy -I../Drivers/CMSIS/Device/ST/STM32G0xx/Include -I../Drivers/CMSIS/Include -O0 -ffunction-sections -fdata-sections -Wall -fstack-usage -fcyclomatic-complexity -MMD -MP -MF"Core/Src/main.d" -MT"Core/Src/main.o" --specs=nano.specs -mfloat-abi=soft -mthumb -o "Core/Src/main.o"
../Core/Src/main.c: In function 'Control_Update':
../Core/Src/main.c:350:15: warning: unused variable 'uR' [-Wunused-variable]
  350 |         float uR = KP * eR + i_term_R;
      |               ^~
../Core/Src/main.c:349:15: warning: unused variable 'uL' [-Wunused-variable]
  349 |         float uL = KP * eL + i_term_L;
      |               ^~
arm-none-eabi-gcc -o "SAGE_MCU.elf" @"objects.list"   -mcpu=cortex-m0plus -T"C:\Users\Aidan\Documents\GitHub\SAGE_ROBOT\SAGE_MCU\STM32G0B1RETX_FLASH.ld" --specs=nosys.specs -Wl,-Map="SAGE_MCU.map" -Wl,--gc-sections -static --specs=nano.specs -mfloat-abi=soft -mthumb -u _printf_float -Wl,--start-group -lc -lm -Wl,--end-group
Finished building target: SAGE_MCU.elf
 
arm-none-eabi-size  SAGE_MCU.elf 
arm-none-eabi-objdump -h -S SAGE_MCU.elf  > "SAGE_MCU.list"
   text	   data	    bss	    dec	    hex	filename
  61832	    468	   2500	  64800	   fd20	SAGE_MCU.elf
Finished building: default.size.stdout
 
Finished building: SAGE_MCU.list
 
19:43:26 **** Incremental Build of configuration Debug for project SAGE_MCU ****
make -j12 all 
arm-none-eabi-gcc "../Core/Src/main.c" -mcpu=cortex-m0plus -std=gnu11 -g3 -DDEBUG -DUSE_HAL_DRIVER -DSTM32G0B1xx -c -I../Core/Inc -I../Drivers/STM32G0xx_HAL_Driver/Inc -I../Drivers/STM32G0xx_HAL_Driver/Inc/Legacy -I../Drivers/CMSIS/Device/ST/STM32G0xx/Include -I../Drivers/CMSIS/Include -O0 -ffunction-sections -fdata-sections -Wall -fstack-usage -fcyclomatic-complexity -MMD -MP -MF"Core/Src/main.d" -MT"Core/Src/main.o" --specs=nano.specs -mfloat-abi=soft -mthumb -o "Core/Src/main.o"
arm-none-eabi-gcc -o "SAGE_MCU.elf" @"objects.list"   -mcpu=cortex-m0plus -T"C:\Users\Aidan\Documents\GitHub\SAGE_ROBOT\SAGE_MCU\STM32G0B1RETX_FLASH.ld" --specs=nosys.specs -Wl,-Map="SAGE_MCU.map" -Wl,--gc-sections -static --specs=nano.specs -mfloat-abi=soft -mthumb -u _printf_float -Wl,--start-group -lc -lm -Wl,--end-group
Finished building target: SAGE_MCU.elf
 
arm-none-eabi-size  SAGE_MCU.elf 
arm-none-eabi-objdump -h -S SAGE_MCU.elf  > "SAGE_MCU.list"
   text	   data	    bss	    dec	    hex	filename
  61852	    468	   2500	  64820	   fd34	SAGE_MCU.elf
Finished building: default.size.stdout
 
Finished building: SAGE_MCU.list
 
19:43:59 **** Incremental Build of configuration Debug for project SAGE_MCU ****
make -j12 all 
arm-none-eabi-gcc "../Core/Src/main.c" -mcpu=cortex-m0plus -std=gnu11 -g3 -DDEBUG -DUSE_HAL_DRIVER -DSTM32G0B1xx -c -I../Core/Inc -I../Drivers/STM32G0xx_HAL_Driver/Inc -I../Drivers/STM32G0xx_HAL_Driver/Inc/Legacy -I../Drivers/CMSIS/Device/ST/STM32G0xx/Include -I../Drivers/CMSIS/Include -O0 -ffunction-sections -fdata-sections -Wall -fstack-usage -fcyclomatic-complexity -MMD -MP -MF"Core/Src/main.d" -MT"Core/Src/main.o" --specs=nano.specs -mfloat-abi=soft -mthumb -o "Core/Src/main.o"
arm-none-eabi-gcc -o "SAGE_MCU.elf" @"objects.list"   -mcpu=cortex-m0plus -T"C:\Users\Aidan\Documents\GitHub\SAGE_ROBOT\SAGE_MCU\STM32G0B1RETX_FLASH.ld" --specs=nosys.specs -Wl,-Map="SAGE_MCU.map" -Wl,--gc-sections -static --specs=nano.specs -mfloat-abi=soft -mthumb -u _printf_float -Wl,--start-group -lc -lm -Wl,--end-group
Finished building target: SAGE_MCU.elf
 
arm-none-eabi-size  SAGE_MCU.elf 
arm-none-eabi-objdump -h -S SAGE_MCU.elf  > "SAGE_MCU.list"
   text	   data	    bss	    dec	    hex	filename
  61852	    468	   2500	  64820	   fd34	SAGE_MCU.elf
Finished building: default.size.stdout
 
Finished building: SAGE_MCU.list
 
19:44:31 **** Incremental Build of configuration Debug for project SAGE_MCU ****
make -j12 all 
arm-none-eabi-gcc "../Core/Src/main.c" -mcpu=cortex-m0plus -std=gnu11 -g3 -DDEBUG -DUSE_HAL_DRIVER -DSTM32G0B1xx -c -I../Core/Inc -I../Drivers/STM32G0xx_HAL_Driver/Inc -I../Drivers/STM32G0xx_HAL_Driver/Inc/Legacy -I../Drivers/CMSIS/Device/ST/STM32G0xx/Include -I../Drivers/CMSIS/Include -O0 -ffunction-sections -fdata-sections -Wall -fstack-usage -fcyclomatic-complexity -MMD -MP -MF"Core/Src/main.d" -MT"Core/Src/main.o" --specs=nano.specs -mfloat-abi=soft -mthumb -o "Core/Src/main.o"
arm-none-eabi-gcc -o "SAGE_MCU.elf" @"objects.list"   -mcpu=cortex-m0plus -T"C:\Users\Aidan\Documents\GitHub\SAGE_ROBOT\SAGE_MCU\STM32G0B1RETX_FLASH.ld" --specs=nosys.specs -Wl,-Map="SAGE_MCU.map" -Wl,--gc-sections -static --specs=nano.specs -mfloat-abi=soft -mthumb -u _printf_float -Wl,--start-group -lc -lm -Wl,--end-group
Finished building target: SAGE_MCU.elf
 
arm-none-eabi-size  SAGE_MCU.elf 
arm-none-eabi-objdump -h -S SAGE_MCU.elf  > "SAGE_MCU.list"
   text	   data	    bss	    dec	    hex	filename
  61852	    468	   2500	  64820	   fd34	SAGE_MCU.elf
Finished building: default.size.stdout
 
Finished building: SAGE_MCU.list
 
19:45:00 **** Incremental Build of configuration Debug for project SAGE_MCU ****
make -j12 all 
arm-none-eabi-gcc "../Core/Src/main.c" -mcpu=cortex-m0plus -std=gnu11 -g3 -DDEBUG -DUSE_HAL_DRIVER -DSTM32G0B1xx -c -I../Core/Inc -I../Drivers/STM32G0xx_HAL_Driver/Inc -I../Drivers/STM32G0xx_HAL_Driver/Inc/Legacy -I../Drivers/CMSIS/Device/ST/STM32G0xx/Include -I../Drivers/CMSIS/Include -O0 -ffunction-sections -fdata-sections -Wall -fstack-usage -fcyclomatic-complexity -MMD -MP -MF"Core/Src/main.d" -MT"Core/Src/main.o" --specs=nano.specs -mfloat-abi=soft -mthumb -o "Core/Src/main.o"
arm-none-eabi-gcc -o "SAGE_MCU.elf" @"objects.list"   -mcpu=cortex-m0plus -T"C:\Users\Aidan\Documents\GitHub\SAGE_ROBOT\SAGE_MCU\STM32G0B1RETX_FLASH.ld" --specs=nosys.specs -Wl,-Map="SAGE_MCU.map" -Wl,--gc-sections -static --specs=nano.specs -mfloat-abi=soft -mthumb -u _printf_float -Wl,--start-group -lc -lm -Wl,--end-group
Finished building target: SAGE_MCU.elf
 
arm-none-eabi-size  SAGE_MCU.elf 
arm-none-eabi-objdump -h -S SAGE_MCU.elf  > "SAGE_MCU.list"
   text	   data	    bss	    dec	    hex	filename
  61852	    468	   2500	  64820	   fd34	SAGE_MCU.elf
Finished building: default.size.stdout
 
Finished building: SAGE_MCU.list
 
