../Drivers/CMSIS/Include/core_cm0plus.h:985:34:__NVIC_SystemReset	1
../Core/Src/main.c:241:13:UART_StartRx	1
../Core/Src/main.c:256:13:UART_RxWatchdog	3
../Core/Src/main.c:269:21:clampf	3
../Core/Src/main.c:275:6:Motors_Init	1
../Core/Src/main.c:309:13:IMU_Init	2
../Core/Src/main.c:329:12:Read_IMU	2
../Core/Src/main.c:368:20:encoder_if_reset	1
../Core/Src/main.c:375:23:encoder_if_delta	1
../Core/Src/main.c:384:14:counts_to_linear_mps	2
../Core/Src/main.c:400:6:Motor_SetSpeed_L	3
../Core/Src/main.c:408:6:Motor_SetSpeed_R	3
../Core/Src/main.c:421:6:Robot_Set_Velocity	1
../Core/Src/main.c:436:6:Control_Update	5
../Core/Src/main.c:533:6:HAL_UART_RxCpltCallback	4
../Core/Src/main.c:574:13:TX_Odom	1
../Core/Src/main.c:591:13:TX_Imu	1
../Core/Src/main.c:608:6:Control_Packet	1
../Core/Src/main.c:618:6:HAL_UART_ErrorCallback	2
../Core/Src/main.c:626:13:TX_Debug	1
../Core/Src/main.c:652:5:main	6
../Core/Src/main.c:754:6:SystemClock_Config	3
../Core/Src/main.c:801:13:MX_I2C3_Init	4
../Core/Src/main.c:849:13:MX_TIM1_Init	3
../Core/Src/main.c:900:13:MX_TIM2_Init	3
../Core/Src/main.c:949:13:MX_TIM3_Init	3
../Core/Src/main.c:998:13:MX_TIM4_Init	3
../Core/Src/main.c:1047:13:MX_TIM14_Init	4
../Core/Src/main.c:1093:13:MX_TIM15_Init	5
../Core/Src/main.c:1159:13:MX_USART2_UART_Init	5
../Core/Src/main.c:1207:13:MX_GPIO_Init	1
../Core/Src/main.c:1255:6:Error_Handler	1
