../Drivers/CMSIS/Include/core_cm0plus.h:985:34:__NVIC_SystemReset	8	static,ignoring_inline_asm
../Core/Src/main.c:249:13:UART_StartRx	8	static
../Core/Src/main.c:264:13:UART_RxWatchdog	16	static
../Core/Src/main.c:277:21:clampf	24	static
../Core/Src/main.c:283:6:Motors_Init	8	static
../Core/Src/main.c:317:13:IMU_Init	80	static
../Core/Src/main.c:337:12:Read_IMU	112	static
../Core/Src/main.c:376:20:encoder_if_reset	16	static
../Core/Src/main.c:383:23:encoder_if_delta	24	static
../Core/Src/main.c:392:14:counts_to_linear_mps	48	static
../Core/Src/main.c:408:6:Motor_SetSpeed_L	32	static
../Core/Src/main.c:417:6:Motor_SetSpeed_R	32	static
../Core/Src/main.c:430:6:Robot_Set_Velocity	16	static
../Core/Src/main.c:437:21:wrap_0_2pi	24	static
../Core/Src/main.c:445:6:Control_Update	136	static
../Core/Src/main.c:548:6:HAL_UART_RxCpltCallback	24	static
../Core/Src/main.c:589:13:TX_Odom	32	static
../Core/Src/main.c:606:13:TX_Imu	56	static
../Core/Src/main.c:623:6:Control_Packet	16	static
../Core/Src/main.c:633:6:HAL_UART_ErrorCallback	16	static
../Core/Src/main.c:647:5:main	80	static
../Core/Src/main.c:757:6:SystemClock_Config	96	static
../Core/Src/main.c:804:13:MX_I2C3_Init	8	static
../Core/Src/main.c:852:13:MX_TIM1_Init	64	static
../Core/Src/main.c:903:13:MX_TIM2_Init	64	static
../Core/Src/main.c:952:13:MX_TIM3_Init	64	static
../Core/Src/main.c:1001:13:MX_TIM4_Init	64	static
../Core/Src/main.c:1050:13:MX_TIM14_Init	40	static
../Core/Src/main.c:1096:13:MX_TIM15_Init	104	static
../Core/Src/main.c:1162:13:MX_USART2_UART_Init	8	static
../Core/Src/main.c:1210:13:MX_GPIO_Init	56	static
../Core/Src/main.c:1258:6:Error_Handler	8	static,ignoring_inline_asm
