../Drivers/CMSIS/Include/core_cm0plus.h:985:34:__NVIC_SystemReset	8	static,ignoring_inline_asm
../Core/Src/main.c:174:21:clampf	24	static
../Core/Src/main.c:180:6:Motors_Init	8	static
../Core/Src/main.c:201:13:IMU_Init	80	static
../Core/Src/main.c:221:12:Read_IMU	112	static
../Core/Src/main.c:261:9:encoder_delta_counts	32	static
../Core/Src/main.c:278:7:counts_to_wheel_mps	32	static
../Core/Src/main.c:291:6:Motor_SetSpeed_L	32	static
../Core/Src/main.c:298:6:Motor_SetSpeed_R	32	static
../Core/Src/main.c:310:6:Robot_Set_Velocity	24	static
../Core/Src/main.c:316:6:Control_Update	48	static
../Core/Src/main.c:356:6:HAL_UART_RxCpltCallback	16	static
../Core/Src/main.c:379:13:TX_Odom	32	static
../Core/Src/main.c:396:13:TX_Imu	56	static
../Core/Src/main.c:413:6:Control_Packet	16	static
../Core/Src/main.c:429:5:main	64	static
../Core/Src/main.c:514:6:SystemClock_Config	96	static
../Core/Src/main.c:561:13:MX_I2C3_Init	8	static
../Core/Src/main.c:609:13:MX_TIM1_Init	120	static
../Core/Src/main.c:690:13:MX_TIM2_Init	64	static
../Core/Src/main.c:749:13:MX_TIM3_Init	64	static
../Core/Src/main.c:798:13:MX_TIM4_Init	64	static
../Core/Src/main.c:847:13:MX_USART2_UART_Init	8	static
../Core/Src/main.c:895:13:MX_GPIO_Init	56	static
../Core/Src/main.c:937:6:Error_Handler	8	static,ignoring_inline_asm
