../Drivers/CMSIS/Include/core_cm0plus.h:985:34:__NVIC_SystemReset	8	static,ignoring_inline_asm
../Core/Src/main.c:154:21:clampf	24	static
../Core/Src/main.c:167:6:Motors_Init	8	static
../Core/Src/main.c:189:13:IMU_Init	80	static
../Core/Src/main.c:208:12:Read_IMU	104	static
../Core/Src/main.c:244:9:encoder_delta_counts	32	static
../Core/Src/main.c:261:7:counts_to_wheel_mps	32	static
../Core/Src/main.c:274:6:Set_Motor_Speed	48	static
../Core/Src/main.c:306:7:Velocity_To_PWM	32	static
../Core/Src/main.c:327:6:Robot_Set_Velocity	16	static
../Core/Src/main.c:333:6:Control_Update	48	static
../Core/Src/main.c:377:6:HAL_UART_RxCpltCallback	16	static
../Core/Src/main.c:396:6:TX_Packet	32	static
../Core/Src/main.c:410:6:Control_Packet	16	static
../Core/Src/main.c:426:5:main	32	static
../Core/Src/main.c:504:6:SystemClock_Config	96	static
../Core/Src/main.c:551:13:MX_I2C2_Init	8	static
../Core/Src/main.c:599:13:MX_TIM1_Init	120	static
../Core/Src/main.c:680:13:MX_TIM2_Init	64	static
../Core/Src/main.c:739:13:MX_TIM3_Init	64	static
../Core/Src/main.c:788:13:MX_TIM4_Init	64	static
../Core/Src/main.c:837:13:MX_USART2_UART_Init	8	static
../Core/Src/main.c:885:13:MX_GPIO_Init	56	static
../Core/Src/main.c:934:6:Error_Handler	8	static,ignoring_inline_asm
