../Drivers/CMSIS/Include/core_cm0plus.h:985:34:__NVIC_SystemReset	8	static,ignoring_inline_asm
../Core/Src/main.c:185:21:clampf	24	static
../Core/Src/main.c:198:6:Motors_Init	8	static
../Core/Src/main.c:220:13:IMU_Init	80	static
../Core/Src/main.c:241:12:Read_IMU	112	static
../Core/Src/main.c:283:9:encoder_delta_counts	32	static
../Core/Src/main.c:300:7:counts_to_wheel_mps	32	static
../Core/Src/main.c:313:6:Set_Motor_Speed	48	static
../Core/Src/main.c:345:7:Velocity_To_PWM	32	static
../Core/Src/main.c:366:6:Robot_Set_Velocity	16	static
../Core/Src/main.c:372:6:Control_Update	48	static
../Core/Src/main.c:416:6:HAL_UART_RxCpltCallback	32	static
../Core/Src/main.c:470:6:HAL_UART_ErrorCallback	16	static
../Core/Src/main.c:477:13:TX_Odom	32	static
../Core/Src/main.c:494:13:TX_Imu	56	static
../Core/Src/main.c:511:6:Control_Packet	16	static
../Core/Src/main.c:527:5:main	72	static
../Core/Src/main.c:648:6:SystemClock_Config	96	static
../Core/Src/main.c:695:13:MX_I2C3_Init	8	static
../Core/Src/main.c:743:13:MX_TIM1_Init	120	static
../Core/Src/main.c:824:13:MX_TIM2_Init	64	static
../Core/Src/main.c:883:13:MX_TIM3_Init	64	static
../Core/Src/main.c:932:13:MX_TIM4_Init	64	static
../Core/Src/main.c:981:13:MX_USART2_UART_Init	8	static
../Core/Src/main.c:1029:13:MX_GPIO_Init	56	static
../Core/Src/main.c:1078:6:Error_Handler	8	static,ignoring_inline_asm
