../Drivers/CMSIS/Include/core_cm0plus.h:985:34:__NVIC_SystemReset	8	static,ignoring_inline_asm
../Core/Src/main.c:264:13:UART_StartRx	8	static
../Core/Src/main.c:279:13:UART_RxWatchdog	16	static
../Core/Src/main.c:292:21:clampf	24	static
../Core/Src/main.c:298:6:Motors_Init	8	static
../Core/Src/main.c:336:16:le16	16	static
../Core/Src/main.c:341:26:bno_write_packet	72	static
../Core/Src/main.c:356:13:bno_send_set_feature	48	static
../Core/Src/main.c:368:13:IMU_Init	40	static
../Core/Src/main.c:414:12:Read_IMU	64	static
../Core/Src/main.c:476:20:encoder_if_reset	16	static
../Core/Src/main.c:483:23:encoder_if_delta	24	static
../Core/Src/main.c:492:14:counts_to_linear_mps	48	static
../Core/Src/main.c:507:6:Motor_SetSpeed_L	32	static
../Core/Src/main.c:516:6:Motor_SetSpeed_R	32	static
../Core/Src/main.c:527:6:Robot_Set_Velocity	16	static
../Core/Src/main.c:534:21:wrap_0_2pi	24	static
../Core/Src/main.c:542:6:Control_Update	136	static
../Core/Src/main.c:644:6:HAL_UART_RxCpltCallback	24	static
../Core/Src/main.c:710:13:TX_Odom	32	static
../Core/Src/main.c:727:13:TX_Imu	56	static
../Core/Src/main.c:744:13:TX_Battery	32	static
../Core/Src/main.c:760:6:Control_Packet	16	static
../Core/Src/main.c:770:6:HAL_UART_ErrorCallback	16	static
../Core/Src/main.c:778:10:Read_ADC_Voltage	16	static
../Core/Src/main.c:797:6:WS2812_Set_LED	32	static
../Core/Src/main.c:809:6:WS2812_Update	16	static
../Core/Src/main.c:820:6:HAL_TIM_PWM_PulseFinishedCallback	16	static
../Core/Src/main.c:827:6:Draw_Bouncing_Comet	24	static
../Core/Src/main.c:860:6:Draw_Breathing_Effect	40	static
../Core/Src/main.c:884:6:Solid_Color	32	static
../Core/Src/main.c:891:6:WS2812_Process_Mode	8	static
../Core/Src/main.c:990:5:main	88	static
../Core/Src/main.c:1106:6:SystemClock_Config	96	static
../Core/Src/main.c:1153:13:MX_ADC1_Init	24	static
../Core/Src/main.c:1212:13:MX_I2C3_Init	8	static
../Core/Src/main.c:1260:13:MX_TIM1_Init	64	static
../Core/Src/main.c:1311:13:MX_TIM2_Init	64	static
../Core/Src/main.c:1360:13:MX_TIM3_Init	64	static
../Core/Src/main.c:1409:13:MX_TIM4_Init	64	static
../Core/Src/main.c:1458:13:MX_TIM15_Init	104	static
../Core/Src/main.c:1528:13:MX_TIM16_Init	88	static
../Core/Src/main.c:1591:13:MX_USART2_UART_Init	8	static
../Core/Src/main.c:1637:13:MX_DMA_Init	16	static
../Core/Src/main.c:1655:13:MX_GPIO_Init	56	static
../Core/Src/main.c:1704:6:Error_Handler	8	static,ignoring_inline_asm
