../Drivers/CMSIS/Include/core_cm0plus.h:985:34:__NVIC_SystemReset	8	static,ignoring_inline_asm
../Core/Src/main.c:179:21:clampf	24	static
../Core/Src/main.c:192:6:Motors_Init	8	static
../Core/Src/main.c:214:13:IMU_Init	80	static
../Core/Src/main.c:235:12:Read_IMU	112	static
../Core/Src/main.c:277:9:encoder_delta_counts	32	static
../Core/Src/main.c:294:7:counts_to_wheel_mps	32	static
../Core/Src/main.c:307:6:Set_Motor_Speed	48	static
../Core/Src/main.c:339:7:Velocity_To_PWM	32	static
../Core/Src/main.c:360:6:Robot_Set_Velocity	16	static
../Core/Src/main.c:366:6:Control_Update	48	static
../Core/Src/main.c:417:6:HAL_UART_RxCpltCallback	16	static
../Core/Src/main.c:440:13:TX_Odom	32	static
../Core/Src/main.c:457:13:TX_Imu	56	static
../Core/Src/main.c:474:6:Control_Packet	16	static
../Core/Src/main.c:490:5:main	64	static
../Core/Src/main.c:578:6:SystemClock_Config	96	static
../Core/Src/main.c:625:13:MX_I2C3_Init	8	static
../Core/Src/main.c:673:13:MX_TIM1_Init	120	static
../Core/Src/main.c:754:13:MX_TIM2_Init	64	static
../Core/Src/main.c:813:13:MX_TIM3_Init	64	static
../Core/Src/main.c:862:13:MX_TIM4_Init	64	static
../Core/Src/main.c:911:13:MX_USART2_UART_Init	8	static
../Core/Src/main.c:959:13:MX_GPIO_Init	56	static
../Core/Src/main.c:1008:6:Error_Handler	8	static,ignoring_inline_asm
