../Drivers/CMSIS/Include/core_cm0plus.h:985:34:__NVIC_SystemReset	8	static,ignoring_inline_asm
../Core/Src/main.c:180:21:clampf	24	static
../Core/Src/main.c:193:6:Motors_Init	8	static
../Core/Src/main.c:215:13:IMU_Init	80	static
../Core/Src/main.c:236:12:Read_IMU	112	static
../Core/Src/main.c:278:9:encoder_delta_counts	32	static
../Core/Src/main.c:295:7:counts_to_wheel_mps	32	static
../Core/Src/main.c:308:6:Motor_SetSpeed_L	32	static
../Core/Src/main.c:315:6:Motor_SetSpeed_R	32	static
../Core/Src/main.c:324:7:Velocity_To_PWM	32	static
../Core/Src/main.c:344:6:Robot_Set_Velocity	16	static
../Core/Src/main.c:350:6:Control_Update	48	static
../Core/Src/main.c:393:6:HAL_UART_RxCpltCallback	16	static
../Core/Src/main.c:416:13:TX_Odom	32	static
../Core/Src/main.c:433:13:TX_Imu	56	static
../Core/Src/main.c:450:6:Control_Packet	16	static
../Core/Src/main.c:466:5:main	64	static
../Core/Src/main.c:554:6:SystemClock_Config	96	static
../Core/Src/main.c:601:13:MX_I2C3_Init	8	static
../Core/Src/main.c:649:13:MX_TIM1_Init	120	static
../Core/Src/main.c:730:13:MX_TIM2_Init	64	static
../Core/Src/main.c:789:13:MX_TIM3_Init	64	static
../Core/Src/main.c:838:13:MX_TIM4_Init	64	static
../Core/Src/main.c:887:13:MX_USART2_UART_Init	8	static
../Core/Src/main.c:935:13:MX_GPIO_Init	56	static
../Core/Src/main.c:984:6:Error_Handler	8	static,ignoring_inline_asm
