../Drivers/CMSIS/Include/core_cm0plus.h:985:34:__NVIC_SystemReset	8	static,ignoring_inline_asm
../Core/Src/main.c:237:13:UART_StartRx	8	static
../Core/Src/main.c:252:13:UART_RxWatchdog	16	static
../Core/Src/main.c:265:21:clampf	24	static
../Core/Src/main.c:271:6:Motors_Init	8	static
../Core/Src/main.c:309:16:le16	16	static
../Core/Src/main.c:314:26:bno_write_packet	72	static
../Core/Src/main.c:329:13:bno_send_set_feature	48	static
../Core/Src/main.c:341:13:IMU_Init	168	static
../Core/Src/main.c:369:12:Read_IMU	64	static
../Core/Src/main.c:432:20:encoder_if_reset	16	static
../Core/Src/main.c:439:23:encoder_if_delta	24	static
../Core/Src/main.c:448:14:counts_to_linear_mps	48	static
../Core/Src/main.c:464:6:Motor_SetSpeed_L	32	static
../Core/Src/main.c:473:6:Motor_SetSpeed_R	32	static
../Core/Src/main.c:486:6:Robot_Set_Velocity	16	static
../Core/Src/main.c:493:21:wrap_0_2pi	24	static
../Core/Src/main.c:501:6:Control_Update	136	static
../Core/Src/main.c:604:6:HAL_UART_RxCpltCallback	24	static
../Core/Src/main.c:645:13:TX_Odom	32	static
../Core/Src/main.c:662:13:TX_Imu	56	static
../Core/Src/main.c:679:6:Control_Packet	16	static
../Core/Src/main.c:689:6:HAL_UART_ErrorCallback	16	static
../Core/Src/main.c:703:5:main	64	static
../Core/Src/main.c:795:6:SystemClock_Config	96	static
../Core/Src/main.c:842:13:MX_I2C3_Init	8	static
../Core/Src/main.c:890:13:MX_TIM1_Init	64	static
../Core/Src/main.c:941:13:MX_TIM2_Init	64	static
../Core/Src/main.c:990:13:MX_TIM3_Init	64	static
../Core/Src/main.c:1039:13:MX_TIM4_Init	64	static
../Core/Src/main.c:1088:13:MX_TIM14_Init	40	static
../Core/Src/main.c:1134:13:MX_TIM15_Init	104	static
../Core/Src/main.c:1200:13:MX_USART2_UART_Init	8	static
../Core/Src/main.c:1248:13:MX_GPIO_Init	56	static
../Core/Src/main.c:1296:6:Error_Handler	8	static,ignoring_inline_asm
