../Drivers/CMSIS/Include/core_cm0plus.h:985:34:__NVIC_SystemReset	8	static,ignoring_inline_asm
../Core/Src/main.c:239:13:UART_StartRx	8	static
../Core/Src/main.c:254:13:UART_RxWatchdog	16	static
../Core/Src/main.c:267:21:clampf	24	static
../Core/Src/main.c:273:6:Motors_Init	8	static
../Core/Src/main.c:311:16:le16	16	static
../Core/Src/main.c:316:26:bno_write_packet	72	static
../Core/Src/main.c:331:13:bno_send_set_feature	48	static
../Core/Src/main.c:343:13:IMU_Init	40	static
../Core/Src/main.c:389:12:Read_IMU	64	static
../Core/Src/main.c:451:20:encoder_if_reset	16	static
../Core/Src/main.c:458:23:encoder_if_delta	24	static
../Core/Src/main.c:467:14:counts_to_linear_mps	48	static
../Core/Src/main.c:482:6:Motor_SetSpeed_L	32	static
../Core/Src/main.c:491:6:Motor_SetSpeed_R	32	static
../Core/Src/main.c:502:6:Robot_Set_Velocity	16	static
../Core/Src/main.c:509:21:wrap_0_2pi	24	static
../Core/Src/main.c:517:6:Control_Update	136	static
../Core/Src/main.c:619:6:HAL_UART_RxCpltCallback	24	static
../Core/Src/main.c:658:13:TX_Odom	32	static
../Core/Src/main.c:675:13:TX_Imu	56	static
../Core/Src/main.c:692:13:TX_Battery	32	static
../Core/Src/main.c:708:6:Control_Packet	16	static
../Core/Src/main.c:718:6:HAL_UART_ErrorCallback	16	static
../Core/Src/main.c:726:10:Read_ADC_Voltage	16	static
../Core/Src/main.c:749:5:main	88	static
../Core/Src/main.c:860:6:SystemClock_Config	96	static
../Core/Src/main.c:907:13:MX_ADC1_Init	24	static
../Core/Src/main.c:966:13:MX_I2C3_Init	8	static
../Core/Src/main.c:1014:13:MX_TIM1_Init	64	static
../Core/Src/main.c:1065:13:MX_TIM2_Init	64	static
../Core/Src/main.c:1114:13:MX_TIM3_Init	64	static
../Core/Src/main.c:1163:13:MX_TIM4_Init	64	static
../Core/Src/main.c:1212:13:MX_TIM14_Init	40	static
../Core/Src/main.c:1258:13:MX_TIM15_Init	104	static
../Core/Src/main.c:1324:13:MX_USART2_UART_Init	8	static
../Core/Src/main.c:1372:13:MX_GPIO_Init	56	static
../Core/Src/main.c:1420:6:Error_Handler	8	static,ignoring_inline_asm
