../Drivers/CMSIS/Include/core_cm0plus.h:985:34:__NVIC_SystemReset	8	static,ignoring_inline_asm
../Core/Src/main.c:193:13:UART_StartRx	8	static
../Core/Src/main.c:208:13:UART_RxWatchdog	16	static
../Core/Src/main.c:222:21:clampf	24	static
../Core/Src/main.c:228:6:Motors_Init	8	static
../Core/Src/main.c:249:13:IMU_Init	80	static
../Core/Src/main.c:269:12:Read_IMU	112	static
../Core/Src/main.c:309:9:encoder_delta_counts	32	static
../Core/Src/main.c:326:7:counts_to_wheel_mps	32	static
../Core/Src/main.c:339:6:Motor_SetSpeed_L	32	static
../Core/Src/main.c:346:6:Motor_SetSpeed_R	32	static
../Core/Src/main.c:358:6:Robot_Set_Velocity	16	static
../Core/Src/main.c:365:6:Control_Update	88	static
../Core/Src/main.c:429:6:HAL_UART_RxCpltCallback	24	static
../Core/Src/main.c:470:13:TX_Odom	32	static
../Core/Src/main.c:487:13:TX_Imu	56	static
../Core/Src/main.c:504:6:Control_Packet	16	static
../Core/Src/main.c:514:6:HAL_UART_ErrorCallback	16	static
../Core/Src/main.c:528:5:main	64	static
../Core/Src/main.c:618:6:SystemClock_Config	96	static
../Core/Src/main.c:665:13:MX_I2C3_Init	8	static
../Core/Src/main.c:713:13:MX_TIM1_Init	120	static
../Core/Src/main.c:794:13:MX_TIM2_Init	64	static
../Core/Src/main.c:853:13:MX_TIM3_Init	64	static
../Core/Src/main.c:902:13:MX_TIM4_Init	64	static
../Core/Src/main.c:951:13:MX_USART2_UART_Init	8	static
../Core/Src/main.c:999:13:MX_GPIO_Init	56	static
../Core/Src/main.c:1041:6:Error_Handler	8	static,ignoring_inline_asm
