../Drivers/CMSIS/Include/core_cm0plus.h:985:34:__NVIC_SystemReset	8	static,ignoring_inline_asm
../Core/Src/main.c:267:13:UART_StartRx	8	static
../Core/Src/main.c:282:13:UART_RxWatchdog	16	static
../Core/Src/main.c:295:21:clampf	24	static
../Core/Src/main.c:301:6:Motors_Init	8	static
../Core/Src/main.c:339:16:le16	16	static
../Core/Src/main.c:344:26:bno_write_packet	72	static
../Core/Src/main.c:359:13:bno_send_set_feature	48	static
../Core/Src/main.c:371:13:IMU_Init	40	static
../Core/Src/main.c:417:12:Read_IMU	64	static
../Core/Src/main.c:479:20:encoder_if_reset	16	static
../Core/Src/main.c:486:23:encoder_if_delta	24	static
../Core/Src/main.c:495:14:counts_to_linear_mps	48	static
../Core/Src/main.c:510:6:Motor_SetSpeed_L	32	static
../Core/Src/main.c:519:6:Motor_SetSpeed_R	32	static
../Core/Src/main.c:530:6:Robot_Set_Velocity	16	static
../Core/Src/main.c:537:21:wrap_0_2pi	24	static
../Core/Src/main.c:545:6:Control_Update	152	static
../Core/Src/main.c:667:6:HAL_UART_RxCpltCallback	24	static
../Core/Src/main.c:711:13:TX_Odom	32	static
../Core/Src/main.c:747:13:TX_Battery	32	static
../Core/Src/main.c:763:6:Control_Packet	16	static
../Core/Src/main.c:773:6:HAL_UART_ErrorCallback	16	static
../Core/Src/main.c:781:10:Read_ADC_Voltage	16	static
../Core/Src/main.c:800:6:WS2812_Set_LED	32	static
../Core/Src/main.c:812:6:WS2812_Update	16	static
../Core/Src/main.c:823:6:HAL_TIM_PWM_PulseFinishedCallback	16	static
../Core/Src/main.c:830:6:Draw_Bouncing_Comet	24	static
../Core/Src/main.c:863:6:Draw_Looping_Comet	24	static
../Core/Src/main.c:893:6:Draw_Dual_Looping_Comet	24	static
../Core/Src/main.c:937:6:Draw_Breathing_Effect	40	static
../Core/Src/main.c:962:6:Solid_Color	32	static
../Core/Src/main.c:969:6:Draw_Confetti	40	static
../Core/Src/main.c:1010:6:Hue_to_RGB	24	static
../Core/Src/main.c:1029:6:Draw_Rainbow_Wave	24	static
../Core/Src/main.c:1056:6:Draw_Plasma	48	static
../Core/Src/main.c:1072:6:Draw_Speaking_Pulse	56	static
../Core/Src/main.c:1133:6:Draw_Gravity	32	static
../Core/Src/main.c:1158:6:Draw_Rainbow_Depth	40	static
../Core/Src/main.c:1179:6:Draw_Charging_Indicator	48	static
../Core/Src/main.c:1204:6:WS2812_Process_Mode	16	static
../Core/Src/main.c:1383:5:main	56	static
../Core/Src/main.c:1499:6:SystemClock_Config	96	static
../Core/Src/main.c:1546:13:MX_ADC1_Init	24	static
../Core/Src/main.c:1605:13:MX_I2C3_Init	8	static
../Core/Src/main.c:1653:13:MX_TIM1_Init	64	static
../Core/Src/main.c:1704:13:MX_TIM2_Init	64	static
../Core/Src/main.c:1753:13:MX_TIM3_Init	64	static
../Core/Src/main.c:1802:13:MX_TIM4_Init	64	static
../Core/Src/main.c:1851:13:MX_TIM15_Init	104	static
../Core/Src/main.c:1921:13:MX_TIM16_Init	88	static
../Core/Src/main.c:1984:13:MX_USART2_UART_Init	8	static
../Core/Src/main.c:2030:13:MX_DMA_Init	16	static
../Core/Src/main.c:2048:13:MX_GPIO_Init	56	static
../Core/Src/main.c:2103:6:Error_Handler	8	static,ignoring_inline_asm
