../Drivers/CMSIS/Include/core_cm0plus.h:985:34:__NVIC_SystemReset	8	static,ignoring_inline_asm
../Core/Src/main.c:263:13:UART_StartRx	8	static
../Core/Src/main.c:278:13:UART_RxWatchdog	16	static
../Core/Src/main.c:291:21:clampf	24	static
../Core/Src/main.c:297:6:Motors_Init	8	static
../Core/Src/main.c:335:16:le16	16	static
../Core/Src/main.c:340:26:bno_write_packet	72	static
../Core/Src/main.c:355:13:bno_send_set_feature	48	static
../Core/Src/main.c:367:13:IMU_Init	40	static
../Core/Src/main.c:413:12:Read_IMU	64	static
../Core/Src/main.c:475:20:encoder_if_reset	16	static
../Core/Src/main.c:482:23:encoder_if_delta	24	static
../Core/Src/main.c:491:14:counts_to_linear_mps	48	static
../Core/Src/main.c:506:6:Motor_SetSpeed_L	32	static
../Core/Src/main.c:515:6:Motor_SetSpeed_R	32	static
../Core/Src/main.c:526:6:Robot_Set_Velocity	16	static
../Core/Src/main.c:533:21:wrap_0_2pi	24	static
../Core/Src/main.c:541:6:Control_Update	136	static
../Core/Src/main.c:643:6:HAL_UART_RxCpltCallback	24	static
../Core/Src/main.c:687:13:TX_Odom	32	static
../Core/Src/main.c:704:13:TX_Imu	56	static
../Core/Src/main.c:721:13:TX_Battery	32	static
../Core/Src/main.c:737:6:Control_Packet	16	static
../Core/Src/main.c:747:6:HAL_UART_ErrorCallback	16	static
../Core/Src/main.c:755:10:Read_ADC_Voltage	16	static
../Core/Src/main.c:774:6:WS2812_Set_LED	32	static
../Core/Src/main.c:786:6:WS2812_Update	16	static
../Core/Src/main.c:797:6:HAL_TIM_PWM_PulseFinishedCallback	16	static
../Core/Src/main.c:804:6:Draw_Bouncing_Comet	24	static
../Core/Src/main.c:837:6:Draw_Breathing_Effect	40	static
../Core/Src/main.c:861:6:Solid_Color	32	static
../Core/Src/main.c:868:6:WS2812_Process_Mode	8	static
../Core/Src/main.c:967:5:main	88	static
../Core/Src/main.c:1083:6:SystemClock_Config	96	static
../Core/Src/main.c:1130:13:MX_ADC1_Init	24	static
../Core/Src/main.c:1189:13:MX_I2C3_Init	8	static
../Core/Src/main.c:1237:13:MX_TIM1_Init	64	static
../Core/Src/main.c:1288:13:MX_TIM2_Init	64	static
../Core/Src/main.c:1337:13:MX_TIM3_Init	64	static
../Core/Src/main.c:1386:13:MX_TIM4_Init	64	static
../Core/Src/main.c:1435:13:MX_TIM15_Init	104	static
../Core/Src/main.c:1505:13:MX_TIM16_Init	88	static
../Core/Src/main.c:1568:13:MX_USART2_UART_Init	8	static
../Core/Src/main.c:1614:13:MX_DMA_Init	16	static
../Core/Src/main.c:1632:13:MX_GPIO_Init	56	static
../Core/Src/main.c:1681:6:Error_Handler	8	static,ignoring_inline_asm
