../Drivers/CMSIS/Include/core_cm0plus.h:985:34:__NVIC_SystemReset	8	static,ignoring_inline_asm
../Core/Src/main.c:240:13:UART_StartRx	8	static
../Core/Src/main.c:255:13:UART_RxWatchdog	16	static
../Core/Src/main.c:268:21:clampf	24	static
../Core/Src/main.c:274:6:Motors_Init	8	static
../Core/Src/main.c:312:16:le16	16	static
../Core/Src/main.c:317:26:bno_write_packet	72	static
../Core/Src/main.c:332:13:bno_send_set_feature	48	static
../Core/Src/main.c:344:13:IMU_Init	40	static
../Core/Src/main.c:390:12:Read_IMU	64	static
../Core/Src/main.c:452:20:encoder_if_reset	16	static
../Core/Src/main.c:459:23:encoder_if_delta	24	static
../Core/Src/main.c:468:14:counts_to_linear_mps	48	static
../Core/Src/main.c:484:6:Motor_SetSpeed_L	32	static
../Core/Src/main.c:493:6:Motor_SetSpeed_R	32	static
../Core/Src/main.c:506:6:Robot_Set_Velocity	16	static
../Core/Src/main.c:513:21:wrap_0_2pi	24	static
../Core/Src/main.c:521:6:Control_Update	136	static
../Core/Src/main.c:624:6:HAL_UART_RxCpltCallback	24	static
../Core/Src/main.c:665:13:TX_Odom	32	static
../Core/Src/main.c:682:13:TX_Imu	56	static
../Core/Src/main.c:699:13:TX_Battery	32	static
../Core/Src/main.c:715:6:Control_Packet	16	static
../Core/Src/main.c:725:6:HAL_UART_ErrorCallback	16	static
../Core/Src/main.c:733:10:Read_ADC_Voltage	16	static
../Core/Src/main.c:757:5:main	80	static
../Core/Src/main.c:861:6:SystemClock_Config	96	static
../Core/Src/main.c:908:13:MX_ADC1_Init	24	static
../Core/Src/main.c:967:13:MX_I2C3_Init	8	static
../Core/Src/main.c:1015:13:MX_TIM1_Init	64	static
../Core/Src/main.c:1066:13:MX_TIM2_Init	64	static
../Core/Src/main.c:1115:13:MX_TIM3_Init	64	static
../Core/Src/main.c:1164:13:MX_TIM4_Init	64	static
../Core/Src/main.c:1213:13:MX_TIM14_Init	40	static
../Core/Src/main.c:1259:13:MX_TIM15_Init	104	static
../Core/Src/main.c:1325:13:MX_USART2_UART_Init	8	static
../Core/Src/main.c:1373:13:MX_GPIO_Init	56	static
../Core/Src/main.c:1421:6:Error_Handler	8	static,ignoring_inline_asm
