../Drivers/CMSIS/Include/core_cm0plus.h:985:34:__NVIC_SystemReset	8	static,ignoring_inline_asm
../Core/Src/main.c:241:13:UART_StartRx	8	static
../Core/Src/main.c:256:13:UART_RxWatchdog	16	static
../Core/Src/main.c:269:21:clampf	24	static
../Core/Src/main.c:275:6:Motors_Init	8	static
../Core/Src/main.c:309:13:IMU_Init	80	static
../Core/Src/main.c:329:12:Read_IMU	112	static
../Core/Src/main.c:368:20:encoder_if_reset	16	static
../Core/Src/main.c:375:23:encoder_if_delta	24	static
../Core/Src/main.c:384:14:counts_to_linear_mps	48	static
../Core/Src/main.c:400:6:Motor_SetSpeed_L	32	static
../Core/Src/main.c:408:6:Motor_SetSpeed_R	32	static
../Core/Src/main.c:421:6:Robot_Set_Velocity	16	static
../Core/Src/main.c:436:6:Control_Update	136	static
../Core/Src/main.c:533:6:HAL_UART_RxCpltCallback	24	static
../Core/Src/main.c:574:13:TX_Odom	32	static
../Core/Src/main.c:591:13:TX_Imu	56	static
../Core/Src/main.c:608:6:Control_Packet	16	static
../Core/Src/main.c:618:6:HAL_UART_ErrorCallback	16	static
../Core/Src/main.c:626:13:TX_Debug	288	static
../Core/Src/main.c:652:5:main	72	static
../Core/Src/main.c:754:6:SystemClock_Config	96	static
../Core/Src/main.c:801:13:MX_I2C3_Init	8	static
../Core/Src/main.c:849:13:MX_TIM1_Init	64	static
../Core/Src/main.c:900:13:MX_TIM2_Init	64	static
../Core/Src/main.c:949:13:MX_TIM3_Init	64	static
../Core/Src/main.c:998:13:MX_TIM4_Init	64	static
../Core/Src/main.c:1047:13:MX_TIM14_Init	40	static
../Core/Src/main.c:1093:13:MX_TIM15_Init	104	static
../Core/Src/main.c:1159:13:MX_USART2_UART_Init	8	static
../Core/Src/main.c:1207:13:MX_GPIO_Init	56	static
../Core/Src/main.c:1255:6:Error_Handler	8	static,ignoring_inline_asm
